Archive member included to satisfy reference by file (symbol)

C:/devkitPro/libgba/lib\libmm.a(mm_mas.o)
                              bn_hw_audio.bn_noflto.o (mmStart)
C:/devkitPro/libgba/lib\libmm.a(mm_main.o)
                              C:/devkitPro/libgba/lib\libmm.a(mm_mas.o) (mmCallback)
C:/devkitPro/libgba/lib\libmm.a(mm_effect.o)
                              bn_hw_audio.bn_noflto.o (mmEffect)
C:/devkitPro/libgba/lib\libmm.a(mm_mas_arm.o)
                              C:/devkitPro/libgba/lib\libmm.a(mm_mas.o) (mmAllocChannel)
C:/devkitPro/libgba/lib\libmm.a(mm_mixer_gba.o)
                              bn_hw_audio.bn_noflto.o (mmVBlank)
C:/devkitPro/libgba/lib\libmm.a(mm_main_gba.o)
                              C:/devkitPro/libgba/lib\libmm.a(mm_mixer_gba.o) (mm_vblank_function)
C:/devkitPro/devkitARM/bin/../lib/gcc/arm-none-eabi/14.2.0/thumb\libgcc.a(_call_via_rX.o)
                              C:/devkitPro/libgba/lib\libmm.a(mm_main_gba.o) (_call_via_r1)
C:/devkitPro/devkitARM/bin/../lib/gcc/arm-none-eabi/14.2.0/thumb\libgcc.a(_aeabi_ldivmod.o)
                              bn_hw_text.o (__aeabi_ldivmod)
C:/devkitPro/devkitARM/bin/../lib/gcc/arm-none-eabi/14.2.0/thumb\libgcc.a(_aeabi_uldivmod.o)
                              bn_hw_text.o (__aeabi_uldivmod)
C:/devkitPro/devkitARM/bin/../lib/gcc/arm-none-eabi/14.2.0/thumb\libgcc.a(_sync_none.o)
                              (__sync_synchronize_none)
C:/devkitPro/devkitARM/bin/../lib/gcc/arm-none-eabi/14.2.0/thumb\libgcc.a(_udivmoddi4.o)
                              C:/devkitPro/devkitARM/bin/../lib/gcc/arm-none-eabi/14.2.0/thumb\libgcc.a(_aeabi_ldivmod.o) (__udivmoddi4)
C:/devkitPro/devkitARM/bin/../lib/gcc/arm-none-eabi/14.2.0/../../../../arm-none-eabi/lib/thumb\libg.a(libc_a-rand.o)
                              main.o (srand)
C:/devkitPro/devkitARM/bin/../lib/gcc/arm-none-eabi/14.2.0/../../../../arm-none-eabi/lib/thumb\libg.a(libc_a-time.o)
                              main.o (time)
C:/devkitPro/devkitARM/bin/../lib/gcc/arm-none-eabi/14.2.0/../../../../arm-none-eabi/lib/thumb\libg.a(libc_a-init.o)
                              C:/devkitPro/devkitARM/bin/../lib/gcc/arm-none-eabi/14.2.0/../../../../arm-none-eabi/lib/thumb/gba_crt0.o (__libc_init_array)
C:/devkitPro/devkitARM/bin/../lib/gcc/arm-none-eabi/14.2.0/../../../../arm-none-eabi/lib/thumb\libsysbase.a(libsysbase_libsysbase_a-getreent.o)
                              C:/devkitPro/devkitARM/bin/../lib/gcc/arm-none-eabi/14.2.0/../../../../arm-none-eabi/lib/thumb\libg.a(libc_a-rand.o) (__getreent)
C:/devkitPro/devkitARM/bin/../lib/gcc/arm-none-eabi/14.2.0/../../../../arm-none-eabi/lib/thumb\libsysbase.a(libsysbase_libsysbase_a-gettod.o)
                              C:/devkitPro/devkitARM/bin/../lib/gcc/arm-none-eabi/14.2.0/../../../../arm-none-eabi/lib/thumb\libg.a(libc_a-time.o) (_gettimeofday_r)
C:/devkitPro/devkitARM/bin/../lib/gcc/arm-none-eabi/14.2.0/../../../../arm-none-eabi/lib/thumb\libsysbase.a(libsysbase_libsysbase_a-malloc_vars.o)
                              C:/devkitPro/devkitARM/bin/../lib/gcc/arm-none-eabi/14.2.0/../../../../arm-none-eabi/lib/thumb/gba_crt0.o (fake_heap_end)
C:/devkitPro/devkitARM/bin/../lib/gcc/arm-none-eabi/14.2.0/../../../../arm-none-eabi/lib/thumb\libg.a(libc_a-impure.o)
                              C:/devkitPro/devkitARM/bin/../lib/gcc/arm-none-eabi/14.2.0/../../../../arm-none-eabi/lib/thumb\libsysbase.a(libsysbase_libsysbase_a-getreent.o) (_impure_ptr)
C:/devkitPro/devkitARM/bin/../lib/gcc/arm-none-eabi/14.2.0/../../../../arm-none-eabi/lib/thumb\libg.a(libc_a-findfp.o)
                              C:/devkitPro/devkitARM/bin/../lib/gcc/arm-none-eabi/14.2.0/../../../../arm-none-eabi/lib/thumb\libg.a(libc_a-impure.o) (__sf)
C:/devkitPro/devkitARM/bin/../lib/gcc/arm-none-eabi/14.2.0/../../../../arm-none-eabi/lib/thumb\libg.a(libc_a-mallocr.o)
                              C:/devkitPro/devkitARM/bin/../lib/gcc/arm-none-eabi/14.2.0/../../../../arm-none-eabi/lib/thumb\libg.a(libc_a-findfp.o) (_malloc_r)
C:/devkitPro/devkitARM/bin/../lib/gcc/arm-none-eabi/14.2.0/../../../../arm-none-eabi/lib/thumb\libg.a(libc_a-freer.o)
                              C:/devkitPro/devkitARM/bin/../lib/gcc/arm-none-eabi/14.2.0/../../../../arm-none-eabi/lib/thumb\libg.a(libc_a-mallocr.o) (_free_r)
C:/devkitPro/devkitARM/bin/../lib/gcc/arm-none-eabi/14.2.0/../../../../arm-none-eabi/lib/thumb\libg.a(libc_a-fwalk.o)
                              C:/devkitPro/devkitARM/bin/../lib/gcc/arm-none-eabi/14.2.0/../../../../arm-none-eabi/lib/thumb\libg.a(libc_a-findfp.o) (_fwalk_sglue)
C:/devkitPro/devkitARM/bin/../lib/gcc/arm-none-eabi/14.2.0/../../../../arm-none-eabi/lib/thumb\libg.a(libc_a-mlock.o)
                              C:/devkitPro/devkitARM/bin/../lib/gcc/arm-none-eabi/14.2.0/../../../../arm-none-eabi/lib/thumb\libg.a(libc_a-mallocr.o) (__malloc_lock)
[...]
Memory Configuration

Name             Origin             Length             Attributes
rom              0x08000000         0x02000000
iwram            0x03000000         0x00008000
ewram            0x02000000         0x00040000
*default*        0x00000000         0xffffffff

Linker script and memory map

                0x00000000                        __sync_synchronize = __sync_synchronize_none
                0x08000000                        __text_start = ORIGIN (rom)
                0x02040000                        __eheap_end = (ORIGIN (ewram) + LENGTH (ewram))
                0x03000000                        __iwram_start = ORIGIN (iwram)
                0x03008000                        __iwram_top = (ORIGIN (iwram) + LENGTH (iwram))
                0x03007fa0                        __sp_irq = (__iwram_top - 0x60)
                0x03007f00                        __sp_usr = (__sp_irq - 0xa0)
                0x03007ff8                        __irq_flags = 0x3007ff8
                0x08000000                        . = __text_start

.crt0           0x08000000      0x210
 *(.crt0)
 .crt0          0x08000000      0x210 C:/devkitPro/devkitARM/bin/../lib/gcc/arm-none-eabi/14.2.0/../../../../arm-none-eabi/lib/thumb/gba_crt0.o
                0x08000000                _start
                0x080000c4                __boot_method
                0x080000c5                __slave_number
                0x080000e0                start_vector
                0x08000210                        . = ALIGN (0x4)

.init           0x08000210        0xc
 *(SORT_NONE(.init))
 .init          0x08000210        0x4 C:/devkitPro/devkitARM/bin/../lib/gcc/arm-none-eabi/14.2.0/thumb/crti.o
                0x08000210                _init
 .init          0x08000214        0x8 C:/devkitPro/devkitARM/bin/../lib/gcc/arm-none-eabi/14.2.0/thumb/crtn.o

.plt            0x0800021c        0x0
 *(.plt)
                0x0800021c                        . = ALIGN (0x4)

.text           0x08000220    0x16340
 *(EXCLUDE_FILE(*.iwram*) .text*)
 .text.__do_global_dtors_aux
                0x08000220       0x2c C:/devkitPro/devkitARM/bin/../lib/gcc/arm-none-eabi/14.2.0/thumb/crtbegin.o
 .text.frame_dummy
                0x0800024c       0x24 C:/devkitPro/devkitARM/bin/../lib/gcc/arm-none-eabi/14.2.0/thumb/crtbegin.o
 .text._Z17initialize_aliensv
                0x08000270       0xa4 main.o
                0x08000270                initialize_aliens()
 .text._Z10alienShootRN2bn10sprite_ptrEPA7_St8optionalIS0_ES1_
                0x08000314       0x58 main.o
                0x08000314                alienShoot(bn::sprite_ptr&, std::optional<bn::sprite_ptr> (*) [7], bn::sprite_ptr&)
 .text._ZN3_bn6assert9show_argsIJA19_ciA4_ciEEEvPKcS5_S5_iDpRKT_
                0x0800036c       0x64 main.o
                0x0800036c                void _bn::assert::show_args<char [19], int, char [4], int>(char const*, char const*, char const*, int, char const (&) [19], int const&, char const (&) [4], int const&)
 .text._ZN2bn7istring7_assignEPKci
                0x080003d0       0x6c main.o
                0x080003d0                bn::istring::_assign(char const*, int)
 .text._ZN2bn7istring7_appendEPKci
                0x0800043c       0x70 main.o
                0x0800043c                bn::istring::_append(char const*, int)
 .text._ZN2bn7istring6assignEPKc.isra.0
                0x080004ac       0x90 main.o
 .text._ZN2bn9to_stringILi32EiEENS_6stringIXT_EEERKT0_
                0x0800053c       0x34 main.o
                0x0800053c                bn::string<32> bn::to_string<32, int>(int const&)
 .text._ZN2bn6stringILi32EEC2ERKS1_
                0x08000570       0x7c main.o
                0x08000570                bn::string<32>::string(bn::string<32> const&)
                0x08000570                bn::string<32>::string(bn::string<32> const&)
 .text.startup.main
                0x080005ec     0x1138 main.o
                0x080005ec                main
 .text.startup._GLOBAL__sub_I_collision_range
                0x08001724       0x64 main.o
 .text.exit._GLOBAL__sub_D_collision_range
                0x08001788       0x30 main.o
 .text._ZN3_bn6assert9show_argsIA16_ciEEvPKcS4_S4_iRKT_RKT0_
                0x080017b8       0x54 common_info.o
                0x080017b8                void _bn::assert::show_args<char [16], int>(char const*, char const*, char const*, int, char const (&) [16], int const&)
 .text._ZN3_bn6assert9show_argsIA15_ciEEvPKcS4_S4_iRKT_RKT0_
                0x0800180c       0x54 common_stats.o
                0x0800180c                void _bn::assert::show_args<char [15], int>(char const*, char const*, char const*, int, char const (&) [15], int const&)
 .text._ZN2bn13audio_manager4initEv
                0x08001860        0xc bn_audio_manager.o
                0x08001860                bn::audio_manager::init()
 .text._ZN2bn13audio_manager7disableEv
                0x0800186c        0xc bn_audio_manager.o
                0x0800186c                bn::audio_manager::disable()
 .text._ZN2bn13audio_manager22disable_vblank_handlerEv
                0x08001878        0xc bn_audio_manager.o
                0x08001878                bn::audio_manager::disable_vblank_handler()
 .text._ZN2bn13audio_manager6updateEv
                0x08001884       0x18 bn_audio_manager.o
                0x08001884                bn::audio_manager::update()
 .text._ZN2bn13audio_manager6commitEv
                0x0800189c        0xc bn_audio_manager.o
                0x0800189c                bn::audio_manager::commit()
 .text._ZN3_bn6assert9show_argsIA18_ciEEvPKcS4_S4_iRKT_RKT0_
                0x080018a8       0x54 bn_audio_manager.o
                0x080018a8                void _bn::assert::show_args<char [18], int>(char const*, char const*, char const*, int, char const (&) [18], int const&)
 .text._ZN3_bn6assert9show_argsIA14_ciEEvPKcS4_S4_iRKT_RKT0_
                0x080018fc       0x54 bn_audio_manager.o
                0x080018fc                void _bn::assert::show_args<char [14], int>(char const*, char const*, char const*, int, char const (&) [14], int const&)
 .text._ZN2bn13audio_manager16execute_commandsEv
                0x08001950      0x178 bn_audio_manager.o
                0x08001950                bn::audio_manager::execute_commands()
 .text._ZN3_bn6assert9show_argsIA26_ciEEvPKcS4_S4_iRKT_RKT0_
                0x08001ac8       0x54 bn_audio_manager.o
                0x08001ac8                void _bn::assert::show_args<char [26], int>(char const*, char const*, char const*, int, char const (&) [26], int const&)
 .text._ZN3_bn6assert9show_argsIA33_cEEvPKcS4_S4_iRKT_
                0x08001b1c       0x48 bn_audio_manager.o
                0x08001b1c                void _bn::assert::show_args<char [33]>(char const*, char const*, char const*, int, char const (&) [33])
 .text._ZN3_bn6assert9show_argsIA25_cEEvPKcS4_S4_iRKT_
                0x08001b64       0x48 bn_audio_manager.o
                0x08001b64                void _bn::assert::show_args<char [25]>(char const*, char const*, char const*, int, char const (&) [25])
 .text._ZN2bn13audio_manager10stop_musicEv
                0x08001bac       0x70 bn_audio_manager.o
                0x08001bac                bn::audio_manager::stop_music()
 .text._ZN2bn13audio_manager4stopEv
                0x08001c1c       0x5c bn_audio_manager.o
                0x08001c1c                bn::audio_manager::stop()
 .text._ZN3_bn6assert9show_argsIA24_cEEvPKcS4_S4_iRKT_
                0x08001c78       0x48 bn_audio_manager.o
                0x08001c78                void _bn::assert::show_args<char [24]>(char const*, char const*, char const*, int, char const (&) [24])
 .text.startup._GLOBAL__sub_I__ZN2bn5audio16update_on_vblankEv
                0x08001cc0       0x30 bn_audio_manager.o
 .text._ZN3_bn6assert9show_argsIA23_cEEvPKcS4_S4_iRKT_
                0x08001cf0       0x48 bn_best_fit_allocator.o
                0x08001cf0                void _bn::assert::show_args<char [23]>(char const*, char const*, char const*, int, char const (&) [23])
 .text._ZN2bn18best_fit_allocatorD2Ev
                0x08001d38       0x34 bn_best_fit_allocator.o
                0x08001d38                bn::best_fit_allocator::~best_fit_allocator()
                0x08001d38                bn::best_fit_allocator::~best_fit_allocator()
 .text._ZN3_bn6assert9show_argsIA20_ciEEvPKcS4_S4_iRKT_RKT0_
                0x08001d6c       0x54 bn_best_fit_allocator.o
                0x08001d6c                void _bn::assert::show_args<char [20], int>(char const*, char const*, char const*, int, char const (&) [20], int const&)
 .text._ZN3_bn6assert9show_argsIA14_cEEvPKcS4_S4_iRKT_
                0x08001dc0       0x48 bn_best_fit_allocator.o
                0x08001dc0                void _bn::assert::show_args<char [14]>(char const*, char const*, char const*, int, char const (&) [14])
 .text._ZN3_bn6assert9show_argsIA21_cEEvPKcS4_S4_iRKT_
                0x08001e08       0x48 bn_best_fit_allocator.o
                0x08001e08                void _bn::assert::show_args<char [21]>(char const*, char const*, char const*, int, char const (&) [21])
 .text._ZN2bn18best_fit_allocator5resetEPvi
                0x08001e50       0xc0 bn_best_fit_allocator.o
                0x08001e50                bn::best_fit_allocator::reset(void*, int)
 .text._ZN2bn17bg_blocks_manager12_GLOBAL__N_125_regular_map_blocks_countEii
                0x08001f10       0x38 bn_bg_blocks_manager.o
 .text._ZN2bn13ostringstream11append_argsIiJA4_ctEEEvRKT_DpRKT0_.isra.0
                0x08001f48       0x24 bn_bg_blocks_manager.o
 .text._ZN2bn13ostringstream11append_argsIiJA4_ciEEEvRKT_DpRKT0_.isra.0
                0x08001f6c       0x24 bn_bg_blocks_manager.o
 .text._ZNK2bn18regular_bg_map_ptr2idEv
                0x08001f90       0x18 bn_bg_blocks_manager.o
                0x08001f90                bn::regular_bg_map_ptr::id() const
 .text._ZNK2bn18regular_bg_map_ptr10dimensionsEv
                0x08001fa8       0x20 bn_bg_blocks_manager.o
                0x08001fa8                bn::regular_bg_map_ptr::dimensions() const
 .text._ZNK2bn20regular_bg_tiles_ptr3cbbEv
                0x08001fc8       0x18 bn_bg_blocks_manager.o
                0x08001fc8                bn::regular_bg_tiles_ptr::cbb() const
 .text._ZNK2bn17affine_bg_map_ptr2idEv
                0x08001fe0       0x18 bn_bg_blocks_manager.o
                0x08001fe0                bn::affine_bg_map_ptr::id() const
 .text._ZNK2bn17affine_bg_map_ptr10dimensionsEv
                0x08001ff8       0x20 bn_bg_blocks_manager.o
                0x08001ff8                bn::affine_bg_map_ptr::dimensions() const
 .text._ZNK2bn19affine_bg_tiles_ptr3cbbEv
                0x08002018       0x18 bn_bg_blocks_manager.o
                0x08002018                bn::affine_bg_tiles_ptr::cbb() const
 .text._ZN2bn17bg_blocks_manager10log_statusEv
                0x08002030      0x41c bn_bg_blocks_manager.o
                0x08002030                bn::bg_blocks_manager::log_status()
 .text._ZN2bn17bg_blocks_manager15decrease_usagesEi
                0x0800244c       0x98 bn_bg_blocks_manager.o
                0x0800244c                bn::bg_blocks_manager::decrease_usages(int)
 .text._ZN2bn18regular_bg_map_ptrD2Ev
                0x080024e4       0x18 bn_bg_blocks_manager.o
                0x080024e4                bn::regular_bg_map_ptr::~regular_bg_map_ptr()
                0x080024e4                bn::regular_bg_map_ptr::~regular_bg_map_ptr()
 .text._ZN2bn17bg_blocks_manager4initEv
                0x080024fc      0x1e8 bn_bg_blocks_manager.o
                0x080024fc                bn::bg_blocks_manager::init()
 .text._ZN2bn17bg_blocks_manager11must_commitEi
                0x080026e4       0x18 bn_bg_blocks_manager.o
                0x080026e4                bn::bg_blocks_manager::must_commit(int)
 .text._ZN3_bn6assert9show_argsIA27_ciEEvPKcS4_S4_iRKT_RKT0_
                0x080026fc       0x54 bn_bg_blocks_manager.o
                0x080026fc                void _bn::assert::show_args<char [27], int>(char const*, char const*, char const*, int, char const (&) [27], int const&)
 .text._ZN3_bn6assert9show_argsIJA22_ciA4_ciEEEvPKcS5_S5_iDpRKT_
                0x08002750       0x58 bn_bg_blocks_manager.o
                0x08002750                void _bn::assert::show_args<char [22], int, char [4], int>(char const*, char const*, char const*, int, char const (&) [22], int const&, char const (&) [4], int const&)
 .text._ZN3_bn6assert9show_argsIJA58_ciA4_ciEEEvPKcS5_S5_iDpRKT_
                0x080027a8       0x58 bn_bg_blocks_manager.o
                0x080027a8                void _bn::assert::show_args<char [58], int, char [4], int>(char const*, char const*, char const*, int, char const (&) [58], int const&, char const (&) [4], int const&)
 .text._ZN3_bn6assert9show_argsIA22_ciEEvPKcS4_S4_iRKT_RKT0_
                0x08002800       0x54 bn_bg_blocks_manager.o
                0x08002800                void _bn::assert::show_args<char [22], int>(char const*, char const*, char const*, int, char const (&) [22], int const&)
 .text._ZN3_bn6assert9show_argsIJA44_cPKtA4_cS4_EEEvPKcS7_S7_iDpRKT_
                0x08002854       0x64 bn_bg_blocks_manager.o
                0x08002854                void _bn::assert::show_args<char [44], unsigned short const*, char [4], unsigned short const*>(char const*, char const*, char const*, int, char const (&) [44], unsigned short const* const&, char const (&) [4], unsigned short const* const&)
 .text._ZN3_bn6assert9show_argsIJA46_ciA4_ciEEEvPKcS5_S5_iDpRKT_
                0x080028b8       0x58 bn_bg_blocks_manager.o
                0x080028b8                void _bn::assert::show_args<char [46], int, char [4], int>(char const*, char const*, char const*, int, char const (&) [46], int const&, char const (&) [4], int const&)
 .text._ZN3_bn6assert9show_argsIJA37_cbA4_cbEEEvPKcS5_S5_iDpRKT_
                0x08002910       0x7c bn_bg_blocks_manager.o
                0x08002910                void _bn::assert::show_args<char [37], bool, char [4], bool>(char const*, char const*, char const*, int, char const (&) [37], bool const&, char const (&) [4], bool const&)
 .text._ZN3_bn6assert9show_argsIA19_cEEvPKcS4_S4_iRKT_
                0x0800298c       0x48 bn_bg_blocks_manager.o
                0x0800298c                void _bn::assert::show_args<char [19]>(char const*, char const*, char const*, int, char const (&) [19])
 .text._ZN2bn17bg_blocks_manager12_GLOBAL__N_116_find_tiles_implEPKtNS_16compression_typeEib
                0x080029d4      0x1f0 bn_bg_blocks_manager.o
 .text._ZN3_bn6assert9show_argsIJA34_ciA4_ctEEEvPKcS5_S5_iDpRKT_
                0x08002bc4       0x58 bn_bg_blocks_manager.o
                0x08002bc4                void _bn::assert::show_args<char [34], int, char [4], unsigned short>(char const*, char const*, char const*, int, char const (&) [34], int const&, char const (&) [4], unsigned short const&)
 .text._ZN3_bn6assert9show_argsIJA36_ciA4_ctEEEvPKcS5_S5_iDpRKT_
                0x08002c1c       0x58 bn_bg_blocks_manager.o
                0x08002c1c                void _bn::assert::show_args<char [36], int, char [4], unsigned short>(char const*, char const*, char const*, int, char const (&) [36], int const&, char const (&) [4], unsigned short const&)
 .text._ZN3_bn6assert9show_argsIJA54_ciA4_ciEEEvPKcS5_S5_iDpRKT_
                0x08002c74       0x58 bn_bg_blocks_manager.o
                0x08002c74                void _bn::assert::show_args<char [54], int, char [4], int>(char const*, char const*, char const*, int, char const (&) [54], int const&, char const (&) [4], int const&)
 .text._ZN3_bn6assert9show_argsIA22_cEEvPKcS4_S4_iRKT_
                0x08002ccc       0x48 bn_bg_blocks_manager.o
                0x08002ccc                void _bn::assert::show_args<char [22]>(char const*, char const*, char const*, int, char const (&) [22])
 .text._ZNK2bn18regular_bg_map_ptr5tilesEv
                0x08002d14       0x48 bn_bg_blocks_manager.o
                0x08002d14                bn::regular_bg_map_ptr::tiles() const
 .text._ZNK2bn17affine_bg_map_ptr5tilesEv
                0x08002d5c       0x48 bn_bg_blocks_manager.o
                0x08002d5c                bn::affine_bg_map_ptr::tiles() const
 .text._ZNK2bn18regular_bg_map_ptr3bppEv
                0x08002da4       0x4c bn_bg_blocks_manager.o
                0x08002da4                bn::regular_bg_map_ptr::bpp() const
 .text._ZN2bn17bg_blocks_manager21update_affine_map_rowEiii
                0x08002df0      0x108 bn_bg_blocks_manager.o
                0x08002df0                bn::bg_blocks_manager::update_affine_map_row(int, int, int)
 .text._ZN2bn17bg_blocks_manager23set_affine_map_positionEiii
                0x08002ef8      0x1d0 bn_bg_blocks_manager.o
                0x08002ef8                bn::bg_blocks_manager::set_affine_map_position(int, int, int)
 .text._ZN2bn17bg_blocks_manager21update_affine_map_colEiii
                0x080030c8      0x264 bn_bg_blocks_manager.o
                0x080030c8                bn::bg_blocks_manager::update_affine_map_col(int, int, int)
 .text._ZN2bn17bg_blocks_manager22update_regular_map_colEiii
                0x0800332c      0x184 bn_bg_blocks_manager.o
                0x0800332c                bn::bg_blocks_manager::update_regular_map_col(int, int, int)
 .text._ZN2bn17bg_blocks_manager22update_regular_map_rowEiii
                0x080034b0      0x14c bn_bg_blocks_manager.o
                0x080034b0                bn::bg_blocks_manager::update_regular_map_row(int, int, int)
 .text._ZN2bn17bg_blocks_manager24set_regular_map_positionEiii
                0x080035fc      0x1d0 bn_bg_blocks_manager.o
                0x080035fc                bn::bg_blocks_manager::set_regular_map_position(int, int, int)
 .text._ZN2bn17bg_blocks_manager12_GLOBAL__N_112_commit_itemERKNS1_9item_typeE
                0x080037cc      0x2a8 bn_bg_blocks_manager.o
 .text._ZN2bn17bg_blocks_manager6commitEv
                0x08003a74       0x40 bn_bg_blocks_manager.o
                0x08003a74                bn::bg_blocks_manager::commit()
 .text._ZN3_bn6assert9show_argsIJA34_ciA4_ciEEEvPKcS5_S5_iDpRKT_
                0x08003ab4       0x58 bn_bg_blocks_manager.o
                0x08003ab4                void _bn::assert::show_args<char [34], int, char [4], int>(char const*, char const*, char const*, int, char const (&) [34], int const&, char const (&) [4], int const&)
 .text._ZN3_bn6assert9show_argsIJA38_ciA4_ciEEEvPKcS5_S5_iDpRKT_
                0x08003b0c       0x58 bn_bg_blocks_manager.o
                0x08003b0c                void _bn::assert::show_args<char [38], int, char [4], int>(char const*, char const*, char const*, int, char const (&) [38], int const&, char const (&) [4], int const&)
 .text._ZN2bn17bg_blocks_manager12_GLOBAL__N_122_find_regular_map_implERKNS_19regular_bg_map_itemERKNS_20regular_bg_tiles_ptrERKNS_14bg_palette_ptrE
                0x08003b64      0x394 bn_bg_blocks_manager.o
 .text._ZN3_bn6assert9show_argsIJA32_cA15_cPKtA16_ciA17_ciA34_cN2bn11string_viewEEEEvPKcSC_SC_iDpRKT_
                0x08003ef8       0x90 bn_bg_blocks_manager.o
                0x08003ef8                void _bn::assert::show_args<char [32], char [15], unsigned short const*, char [16], int, char [17], int, char [34], bn::string_view>(char const*, char const*, char const*, int, char const (&) [32], char const (&) [15], unsigned short const* const&, char const (&) [16], int const&, char const (&) [17], int const&, char const (&) [34], bn::string_view const&)
 .text._ZN3_bn6assert9show_argsIA26_cEEvPKcS4_S4_iRKT_
                0x08003f88       0x48 bn_bg_blocks_manager.o
                0x08003f88                void _bn::assert::show_args<char [26]>(char const*, char const*, char const*, int, char const (&) [26])
 .text._ZN3_bn6assert9show_argsIA46_cEEvPKcS4_S4_iRKT_
                0x08003fd0       0x48 bn_bg_blocks_manager.o
                0x08003fd0                void _bn::assert::show_args<char [46]>(char const*, char const*, char const*, int, char const (&) [46])
 .text._ZN3_bn6assert9show_argsIJA30_cA13_cPKtA14_ciA15_ciA17_ciA34_cN2bn11string_viewEEEEvPKcSD_SD_iDpRKT_
                0x08004018       0xa0 bn_bg_blocks_manager.o
                0x08004018                void _bn::assert::show_args<char [30], char [13], unsigned short const*, char [14], int, char [15], int, char [17], int, char [34], bn::string_view>(char const*, char const*, char const*, int, char const (&) [30], char const (&) [13], unsigned short const* const&, char const (&) [14], int const&, char const (&) [15], int const&, char const (&) [17], int const&, char const (&) [34], bn::string_view const&)
 .text._ZN3_bn6assert9show_argsIA17_cEEvPKcS4_S4_iRKT_
                0x080040b8       0x48 bn_bg_blocks_manager.o
                0x080040b8                void _bn::assert::show_args<char [17]>(char const*, char const*, char const*, int, char const (&) [17])
 .text._ZN2bn13ostringstream11append_argsIA4_cJiEEEvRKT_DpRKT0_
                0x08004100       0x18 bn_bg_blocks_manager.o
                0x08004100                void bn::ostringstream::append_args<char [4], int>(char const (&) [4], int const&)
 .text._ZN3_bn6assert9show_argsIJA39_cPKN2bn4tileEA4_ciEEEvPKcS9_S9_iDpRKT_
                0x08004118       0x5c bn_bg_blocks_manager.o
                0x08004118                void _bn::assert::show_args<char [39], bn::tile const*, char [4], int>(char const*, char const*, char const*, int, char const (&) [39], bn::tile const* const&, char const (&) [4], int const&)
 .text._ZN3_bn6assert9show_argsIA25_ciEEvPKcS4_S4_iRKT_RKT0_
                0x08004174       0x54 bn_bg_blocks_manager.o
                0x08004174                void _bn::assert::show_args<char [25], int>(char const*, char const*, char const*, int, char const (&) [25], int const&)
 .text._ZN2bn14iunordered_mapIPKviNS_17bg_blocks_manager12_GLOBAL__N_115identity_hasherENS_8equal_toIS2_EEE5eraseERKNS8_14const_iteratorE.constprop.0.isra.0
                0x080041c8      0x1a8 bn_bg_blocks_manager.o
 .text._ZN2bn17bg_blocks_manager6updateEv
                0x08004370      0x33c bn_bg_blocks_manager.o
                0x08004370                bn::bg_blocks_manager::update()
 .text._ZN2bn17bg_blocks_manager12_GLOBAL__N_112_create_itemEiibONS1_11create_dataE
                0x080046ac      0x95c bn_bg_blocks_manager.o
 .text._ZN2bn17bg_blocks_manager12_GLOBAL__N_112_create_implEONS1_11create_dataE
                0x08005008      0x1fc bn_bg_blocks_manager.o
 .text._ZN2bn17bg_blocks_manager20create_regular_tilesERKNS_21regular_bg_tiles_itemEb
                0x08005204      0x148 bn_bg_blocks_manager.o
                0x08005204                bn::bg_blocks_manager::create_regular_tiles(bn::regular_bg_tiles_item const&, bool)
 .text._ZN2bn17bg_blocks_manager18create_regular_mapERKNS_19regular_bg_map_itemEONS_20regular_bg_tiles_ptrEONS_14bg_palette_ptrEb
                0x0800534c      0x2a0 bn_bg_blocks_manager.o
                0x0800534c                bn::bg_blocks_manager::create_regular_map(bn::regular_bg_map_item const&, bn::regular_bg_tiles_ptr&&, bn::bg_palette_ptr&&, bool)
 .text._ZN2bn18regular_bg_map_ptr6createERKNS_15regular_bg_itemE
                0x080055ec       0x54 bn_bg_blocks_manager.o
                0x080055ec                bn::regular_bg_map_ptr::create(bn::regular_bg_item const&)
 .text.startup._GLOBAL__sub_I__ZN2bn7bg_maps16used_cells_countEv
                0x08005640       0x98 bn_bg_blocks_manager.o
 .text.exit._GLOBAL__sub_D__ZN2bn7bg_maps16used_cells_countEv
                0x080056d8       0x50 bn_bg_blocks_manager.o
 .text._ZN2bn11bgs_manager12_GLOBAL__N_129_check_unique_regular_big_mapERNS1_9item_typeE
                0x08005728       0x68 bn_bgs_manager.o
 .text._ZN2bn11bgs_manager12_GLOBAL__N_133_update_item_hw_affine_attributesERKNS1_9item_typeE
                0x08005790       0x48 bn_bgs_manager.o
 .text._ZN2bn13ostringstream11append_argsIiJA4_ciEEEvRKT_DpRKT0_.isra.0
                0x080057d8       0x24 bn_bgs_manager.o
 .text._ZN2bn11bgs_manager5hw_idEPv
                0x080057fc        0x8 bn_bgs_manager.o
                0x080057fc                bn::bgs_manager::hw_id(void*)
 .text._ZN2bn11bgs_manager11hw_positionEPv
                0x08005804        0x4 bn_bgs_manager.o
                0x08005804                bn::bgs_manager::hw_position(void*)
 .text._ZN2bn11bgs_manager14mat_attributesEPv
                0x08005808        0x4 bn_bgs_manager.o
                0x08005808                bn::bgs_manager::mat_attributes(void*)
 .text._ZN2bn11bgs_manager20update_windows_flagsEPj
                0x0800580c       0x7c bn_bgs_manager.o
                0x0800580c                bn::bgs_manager::update_windows_flags(unsigned int*)
 .text._ZN2bn11bgs_manager36fill_hblank_effect_regular_positionsEiPKNS_7fixed_tILi12EEEPt
                0x08005888       0x38 bn_bgs_manager.o
                0x08005888                bn::bgs_manager::fill_hblank_effect_regular_positions(int, bn::fixed_t<12> const*, unsigned short*)
 .text._ZN2bn11bgs_manager45fill_hblank_effect_pivot_horizontal_positionsEPvPKNS_7fixed_tILi12EEEPj
                0x080058c0       0x24 bn_bgs_manager.o
                0x080058c0                bn::bgs_manager::fill_hblank_effect_pivot_horizontal_positions(void*, bn::fixed_t<12> const*, unsigned int*)
 .text._ZN2bn11bgs_manager43fill_hblank_effect_pivot_vertical_positionsEPvPKNS_7fixed_tILi12EEEPj
                0x080058e4       0x24 bn_bgs_manager.o
                0x080058e4                bn::bgs_manager::fill_hblank_effect_pivot_vertical_positions(void*, bn::fixed_t<12> const*, unsigned int*)
 .text._ZN2bn11bgs_manager6commitEb
                0x08005908       0x58 bn_bgs_manager.o
                0x08005908                bn::bgs_manager::commit(bool)
 .text._ZN2bn11bgs_manager4stopEv
                0x08005960       0x28 bn_bgs_manager.o
                0x08005960                bn::bgs_manager::stop()
 .text._ZN3_bn6assert9show_argsIA17_ciEEvPKcS4_S4_iRKT_RKT0_
                0x08005988       0x54 bn_bgs_manager.o
                0x08005988                void _bn::assert::show_args<char [17], int>(char const*, char const*, char const*, int, char const (&) [17], int const&)
 .text._ZN3_bn6assert9show_argsIA30_cEEvPKcS4_S4_iRKT_
                0x080059dc       0x48 bn_bgs_manager.o
                0x080059dc                void _bn::assert::show_args<char [30]>(char const*, char const*, char const*, int, char const (&) [30])
 .text._ZN3_bn6assert9show_argsIJA60_ciA4_ciEEEvPKcS5_S5_iDpRKT_
                0x08005a24       0x58 bn_bgs_manager.o
                0x08005a24                void _bn::assert::show_args<char [60], int, char [4], int>(char const*, char const*, char const*, int, char const (&) [60], int const&, char const (&) [4], int const&)
 .text._ZN3_bn6assert9show_argsIJA59_ciA4_ciEEEvPKcS5_S5_iDpRKT_
                0x08005a7c       0x58 bn_bgs_manager.o
                0x08005a7c                void _bn::assert::show_args<char [59], int, char [4], int>(char const*, char const*, char const*, int, char const (&) [59], int const&, char const (&) [4], int const&)
 .text._ZN3_bn6assert9show_argsIJA57_ciA4_ciEEEvPKcS5_S5_iDpRKT_
                0x08005ad4       0x58 bn_bgs_manager.o
                0x08005ad4                void _bn::assert::show_args<char [57], int, char [4], int>(char const*, char const*, char const*, int, char const (&) [57], int const&, char const (&) [4], int const&)
 .text._ZN2bn11bgs_manager14update_camerasEv
                0x08005b2c      0x2b4 bn_bgs_manager.o
                0x08005b2c                bn::bgs_manager::update_cameras()
 .text._ZN3_bn6assert9show_argsIA27_cEEvPKcS4_S4_iRKT_
                0x08005de0       0x48 bn_bgs_manager.o
                0x08005de0                void _bn::assert::show_args<char [27]>(char const*, char const*, char const*, int, char const (&) [27])
 .text._ZN3_bn6assert9show_argsIA31_cEEvPKcS4_S4_iRKT_
                0x08005e28       0x48 bn_bgs_manager.o
                0x08005e28                void _bn::assert::show_args<char [31]>(char const*, char const*, char const*, int, char const (&) [31])
 .text._ZN2bn11bgs_manager15rebuild_handlesEv.part.0
                0x08005e70      0x19c bn_bgs_manager.o
 .text._ZN2bn18regular_bg_builder11release_mapEv
                0x0800600c       0x78 bn_bgs_manager.o
                0x0800600c                bn::regular_bg_builder::release_map()
 .text._ZN2bn11bgs_manager37fill_hblank_effect_regular_attributesEPvPKNS_21regular_bg_attributesEPt
                0x08006084      0x104 bn_bgs_manager.o
                0x08006084                bn::bgs_manager::fill_hblank_effect_regular_attributes(void*, bn::regular_bg_attributes const*, unsigned short*)
 .text._ZN2bn11bgs_manager6updateEv
                0x08006188      0x1b0 bn_bgs_manager.o
                0x08006188                bn::bgs_manager::update()
 .text._ZN2bn11bgs_manager15commit_big_mapsEv
                0x08006338      0x1d0 bn_bgs_manager.o
                0x08006338                bn::bgs_manager::commit_big_maps()
 .text._ZN2bn11bgs_manager36fill_hblank_effect_affine_attributesEPvPKNS_20affine_bg_attributesEPt
                0x08006508      0x108 bn_bgs_manager.o
                0x08006508                bn::bgs_manager::fill_hblank_effect_affine_attributes(void*, bn::affine_bg_attributes const*, unsigned short*)
 .text._ZN2bn11bgs_manager12_GLOBAL__N_19item_type18update_regular_mapEv
                0x08006610      0x228 bn_bgs_manager.o
 .text._ZN2bn11bgs_manager10affine_mapEPv
                0x08006838       0x34 bn_bgs_manager.o
                0x08006838                bn::bgs_manager::affine_map(void*)
 .text._ZN2bn11bgs_manager11regular_mapEPv
                0x0800686c       0x34 bn_bgs_manager.o
                0x0800686c                bn::bgs_manager::regular_map(void*)
 .text._ZN3_bn6assert9show_argsIA15_cEEvPKcS4_S4_iRKT_
                0x080068a0       0x48 bn_bgs_manager.o
                0x080068a0                void _bn::assert::show_args<char [15]>(char const*, char const*, char const*, int, char const (&) [15])
 .text._ZN2bn11bgs_manager12_GLOBAL__N_112_insert_itemERNS1_9item_typeE
                0x080068e8      0x104 bn_bgs_manager.o
 .text._ZN3_bn6assert9show_argsIA13_cEEvPKcS4_S4_iRKT_
                0x080069ec       0x48 bn_bgs_manager.o
                0x080069ec                void _bn::assert::show_args<char [13]>(char const*, char const*, char const*, int, char const (&) [13])
 .text._ZN2bn11bgs_manager6createEONS_18regular_bg_builderE
                0x08006a34      0x1dc bn_bgs_manager.o
                0x08006a34                bn::bgs_manager::create(bn::regular_bg_builder&&)
 .text._ZNK2bn15regular_bg_item9create_bgENS_7fixed_tILi12EEES2_
                0x08006c10       0x74 bn_bgs_manager.o
                0x08006c10                bn::regular_bg_item::create_bg(bn::fixed_t<12>, bn::fixed_t<12>) const
 .text.startup._GLOBAL__sub_I__ZN2bn3bgs16used_items_countEv
                0x08006c84       0x80 bn_bgs_manager.o
 .text.exit._GLOBAL__sub_D__ZN2bn3bgs16used_items_countEv
                0x08006d04       0x14 bn_bgs_manager.o
 .text._ZN2bn10camera_ptrD2Ev
                0x08006d18       0x38 bn_cameras_manager.o
                0x08006d18                bn::camera_ptr::~camera_ptr()
                0x08006d18                bn::camera_ptr::~camera_ptr()
 .text._ZNK2bn10camera_ptr8positionEv
                0x08006d50       0x14 bn_cameras_manager.o
                0x08006d50                bn::camera_ptr::position() const
 .text._ZN2bn15cameras_manager4initEv
                0x08006d64       0x10 bn_cameras_manager.o
                0x08006d64                bn::cameras_manager::init()
 .text._ZN2bn15cameras_manager6updateEv
                0x08006d74       0x28 bn_cameras_manager.o
                0x08006d74                bn::cameras_manager::update()
 .text._ZN2bn4core12_GLOBAL__N_111update_implEv
                0x08006d9c       0xb0 bn_core.o
 .text._ZN2bn4core12_GLOBAL__N_14stopEb.constprop.0
                0x08006e4c       0x40 bn_core.o
 .text._ZN2bn11string_viewC2EPKc
                0x08006e8c       0x1c bn_core.o
                0x08006e8c                bn::string_view::string_view(char const*)
                0x08006e8c                bn::string_view::string_view(char const*)
 .text._ZN2bn4core6updateEv
                0x08006ea8       0x80 bn_core.o
                0x08006ea8                bn::core::update()
 .text._ZN2bn4core4initERKNS_11string_viewE
                0x08006f28       0x94 bn_core.o
                0x08006f28                bn::core::init(bn::string_view const&)
 .text._ZN2bn4core4initEv
                0x08006fbc       0x18 bn_core.o
                0x08006fbc                bn::core::init()
 .text._ZN2bn4core9on_vblankEv
                0x08006fd4       0x28 bn_core.o
                0x08006fd4                bn::core::on_vblank()
 .text._ZN3_bn6assert4showEPKcS2_S2_iRKN2bn12istring_baseE
                0x08006ffc       0x60 bn_core.o
                0x08006ffc                _bn::assert::show(char const*, char const*, char const*, int, bn::istring_base const&)
 .text.startup._GLOBAL__sub_I__ZN2bn4core4initEv
                0x0800705c       0x40 bn_core.o
 .text._ZN2bn15display_manager12_GLOBAL__N_134_update_rect_windows_hw_boundariesEi
                0x0800709c       0x88 bn_display_manager.o
 .text._ZN2bn15display_manager4initEv
                0x08007124       0x40 bn_display_manager.o
                0x08007124                bn::display_manager::init()
 .text._ZN2bn15display_manager8set_modeEi
                0x08007164       0x1c bn_display_manager.o
                0x08007164                bn::display_manager::set_mode(int)
 .text._ZN2bn15display_manager14set_bg_enabledEib
                0x08007180       0x1c bn_display_manager.o
                0x08007180                bn::display_manager::set_bg_enabled(int, bool)
 .text._ZN2bn15display_manager15disable_all_bgsEv
                0x0800719c       0x18 bn_display_manager.o
                0x0800719c                bn::display_manager::disable_all_bgs()
 .text._ZN2bn15display_manager36fill_mosaic_hblank_effect_attributesEPKNS_17mosaic_attributesEPt
                0x080071b4       0xb4 bn_display_manager.o
                0x080071b4                bn::display_manager::fill_mosaic_hblank_effect_attributes(bn::mosaic_attributes const*, unsigned short*)
 .text._ZN2bn15display_manager23set_blending_bg_enabledEib
                0x08007268       0x14 bn_display_manager.o
                0x08007268                bn::display_manager::set_blending_bg_enabled(int, bool)
 .text._ZN2bn15display_manager32blending_transparency_top_weightEv
                0x0800727c       0x18 bn_display_manager.o
                0x0800727c                bn::display_manager::blending_transparency_top_weight()
 .text._ZN2bn15display_manager35blending_transparency_bottom_weightEv
                0x08007294       0x28 bn_display_manager.o
                0x08007294                bn::display_manager::blending_transparency_bottom_weight()
 .text._ZN2bn15display_manager51fill_blending_transparency_hblank_effect_attributesEPKNS_32blending_transparency_attributesEPt
                0x080072bc       0x30 bn_display_manager.o
                0x080072bc                bn::display_manager::fill_blending_transparency_hblank_effect_attributes(bn::blending_transparency_attributes const*, unsigned short*)
 .text._ZN2bn15display_manager21blending_fade_enabledEv
                0x080072ec       0x10 bn_display_manager.o
                0x080072ec                bn::display_manager::blending_fade_enabled()
 .text._ZN2bn15display_manager39fill_blending_fade_hblank_effect_alphasEPKNS_19blending_fade_alphaEPt
                0x080072fc       0x24 bn_display_manager.o
                0x080072fc                bn::display_manager::fill_blending_fade_hblank_effect_alphas(bn::blending_fade_alpha const*, unsigned short*)
 .text._ZN2bn15display_manager26update_windows_visible_bgsEv
                0x08007320       0x10 bn_display_manager.o
                0x08007320                bn::display_manager::update_windows_visible_bgs()
 .text._ZN2bn15display_manager36rect_window_hw_horizontal_boundariesEi
                0x08007330       0x18 bn_display_manager.o
                0x08007330                bn::display_manager::rect_window_hw_horizontal_boundaries(int)
 .text._ZN2bn15display_manager34rect_window_hw_vertical_boundariesEi
                0x08007348       0x18 bn_display_manager.o
                0x08007348                bn::display_manager::rect_window_hw_vertical_boundaries(int)
 .text._ZN2bn15display_manager52fill_rect_window_hblank_effect_horizontal_boundariesERKNS_4pairIiiEEPKNS1_INS_7fixed_tILi12EEES6_EEPt
                0x08007360      0x134 bn_display_manager.o
                0x08007360                bn::display_manager::fill_rect_window_hblank_effect_horizontal_boundaries(bn::pair<int, int> const&, bn::pair<bn::fixed_t<12>, bn::fixed_t<12> > const*, unsigned short*)
 .text._ZN2bn15display_manager50fill_rect_window_hblank_effect_vertical_boundariesERKNS_4pairIiiEEPKNS1_INS_7fixed_tILi12EEES6_EEPt
                0x08007494      0x134 bn_display_manager.o
                0x08007494                bn::display_manager::fill_rect_window_hblank_effect_vertical_boundaries(bn::pair<int, int> const&, bn::pair<bn::fixed_t<12>, bn::fixed_t<12> > const*, unsigned short*)
 .text._ZN2bn15display_manager36fill_green_swap_hblank_effect_statesEPKbPt
                0x080075c8       0x38 bn_display_manager.o
                0x080075c8                bn::display_manager::fill_green_swap_hblank_effect_states(bool const*, unsigned short*)
 .text._ZN2bn15display_manager14update_camerasEv
                0x08007600       0x40 bn_display_manager.o
                0x08007600                bn::display_manager::update_cameras()
 .text._ZN2bn15display_manager6updateEv
                0x08007640      0x204 bn_display_manager.o
                0x08007640                bn::display_manager::update()
 .text._ZN2bn15display_manager6commitEv
                0x08007844      0x164 bn_display_manager.o
                0x08007844                bn::display_manager::commit()
 .text._ZN2bn15display_manager4stopEv
                0x080079a8       0x28 bn_display_manager.o
                0x080079a8                bn::display_manager::stop()
 .text._ZN3_bn6assert9show_argsIA66_cEEvPKcS4_S4_iRKT_
                0x080079d0       0x48 bn_display_manager.o
                0x080079d0                void _bn::assert::show_args<char [66]>(char const*, char const*, char const*, int, char const (&) [66])
 .text.startup._GLOBAL__sub_I__ZNK2bn6window7show_bgERKNS_14regular_bg_ptrE
                0x08007a18       0x7c bn_display_manager.o
 .text.exit._GLOBAL__sub_D__ZNK2bn6window7show_bgERKNS_14regular_bg_ptrE
                0x08007a94       0x38 bn_display_manager.o
 .text._ZN2bn18igeneric_pool_baseC2EPci
                0x08007acc       0x10 bn_generic_pool.o
                0x08007acc                bn::igeneric_pool_base::igeneric_pool_base(char*, int)
                0x08007acc                bn::igeneric_pool_base::igeneric_pool_base(char*, int)
 .text._ZN2bn18igeneric_pool_base5_freeEPc
                0x08007adc       0x10 bn_generic_pool.o
                0x08007adc                bn::igeneric_pool_base::_free(char*)
 .text._ZN3_bn6assert9show_argsIA18_cEEvPKcS4_S4_iRKT_
                0x08007aec       0x48 bn_generic_pool.o
                0x08007aec                void _bn::assert::show_args<char [18]>(char const*, char const*, char const*, int, char const (&) [18])
 .text._ZN2bn18igeneric_pool_baseD2Ev
                0x08007b34       0x30 bn_generic_pool.o
                0x08007b34                bn::igeneric_pool_base::~igeneric_pool_base()
                0x08007b34                bn::igeneric_pool_base::~igeneric_pool_base()
 .text._ZN2bn18igeneric_pool_base9_allocateEv
                0x08007b64       0x48 bn_generic_pool.o
                0x08007b64                bn::igeneric_pool_base::_allocate()
 .text._ZN2bn12gpio_manager6commitEv
                0x08007bac       0x48 bn_gpio_manager.o
                0x08007bac                bn::gpio_manager::commit()
 .text._ZN2bn12gpio_manager4stopEv
                0x08007bf4       0x3c bn_gpio_manager.o
                0x08007bf4                bn::gpio_manager::stop()
 .text._ZN2bn22hblank_effects_manager12_GLOBAL__N_19item_type18_output_values_ptrEv
                0x08007c30       0x40 bn_hblank_effects_manager.o
 .text._ZN2bn7type_idINS_4pairIiiEEEENS_9type_id_tEv
                0x08007c70        0x8 bn_hblank_effects_manager.o
                0x08007c70                bn::type_id_t bn::type_id<bn::pair<int, int> >()
 .text._ZN2bn7type_idINS_33regular_bg_attributes_hbe_handler15last_value_typeEEENS_9type_id_tEv
                0x08007c78        0x8 bn_hblank_effects_manager.o
                0x08007c78                bn::type_id_t bn::type_id<bn::regular_bg_attributes_hbe_handler::last_value_type>()
 .text._ZN2bn7type_idINS_32affine_bg_attributes_hbe_handler15last_value_typeEEENS_9type_id_tEv
                0x08007c80        0x8 bn_hblank_effects_manager.o
                0x08007c80                bn::type_id_t bn::type_id<bn::affine_bg_attributes_hbe_handler::last_value_type>()
 .text._ZN2bn7type_idIiEENS_9type_id_tEv
                0x08007c88        0x8 bn_hblank_effects_manager.o
                0x08007c88                bn::type_id_t bn::type_id<int>()
 .text._ZN2bn7type_idINS_47affine_bg_pivot_horizontal_position_hbe_handler15last_value_typeEEENS_9type_id_tEv
                0x08007c90        0x8 bn_hblank_effects_manager.o
                0x08007c90                bn::type_id_t bn::type_id<bn::affine_bg_pivot_horizontal_position_hbe_handler::last_value_type>()
 .text._ZN2bn7type_idINS_45affine_bg_pivot_vertical_position_hbe_handler15last_value_typeEEENS_9type_id_tEv
                0x08007c98        0x8 bn_hblank_effects_manager.o
                0x08007c98                bn::type_id_t bn::type_id<bn::affine_bg_pivot_vertical_position_hbe_handler::last_value_type>()
 .text._ZN2bn7type_idINS_35sprite_first_attributes_hbe_handler15last_value_typeEEENS_9type_id_tEv
                0x08007ca0        0x8 bn_hblank_effects_manager.o
                0x08007ca0                bn::type_id_t bn::type_id<bn::sprite_first_attributes_hbe_handler::last_value_type>()
 .text._ZN2bn7type_idINS_35sprite_second_attributes_last_valueEEENS_9type_id_tEv
                0x08007ca8        0x8 bn_hblank_effects_manager.o
                0x08007ca8                bn::type_id_t bn::type_id<bn::sprite_second_attributes_last_value>()
 .text._ZN2bn7type_idINS_17sprite_shape_sizeEEENS_9type_id_tEv
                0x08007cb0        0x8 bn_hblank_effects_manager.o
                0x08007cb0                bn::type_id_t bn::type_id<bn::sprite_shape_size>()
 .text._ZN2bn22hblank_effects_manager7disableEv
                0x08007cb8       0x24 bn_hblank_effects_manager.o
                0x08007cb8                bn::hblank_effects_manager::disable()
 .text._ZN2bn22hblank_effects_manager6commitEv
                0x08007cdc       0x74 bn_hblank_effects_manager.o
                0x08007cdc                bn::hblank_effects_manager::commit()
 .text._ZN2bn22hblank_effects_manager12_GLOBAL__N_110_is_uint32ENS0_12handler_typeE
                0x08007d50       0x64 bn_hblank_effects_manager.o
 .text._ZN2bn22hblank_effects_manager12_GLOBAL__N_19item_type12check_updateEv
                0x08007db4     0x1ad8 bn_hblank_effects_manager.o
 .text._ZN2bn22hblank_effects_manager6updateEv
                0x0800988c      0x1ec bn_hblank_effects_manager.o
                0x0800988c                bn::hblank_effects_manager::update()
 .text._ZN2bn22hblank_effects_manager4initEv
                0x08009a78       0xd4 bn_hblank_effects_manager.o
                0x08009a78                bn::hblank_effects_manager::init()
 .text._ZN3_bn6assert9show_argsIJA39_cPKN2bn5colorEA4_ciEEEvPKcS9_S9_iDpRKT_
                0x08009b4c       0x5c bn_hblank_effects_manager.o
                0x08009b4c                void _bn::assert::show_args<char [39], bn::color const*, char [4], int>(char const*, char const*, char const*, int, char const (&) [39], bn::color const* const&, char const (&) [4], int const&)
 .text.startup._GLOBAL__sub_I__ZN2bn4hbes10used_countEv
                0x08009ba8       0xfc bn_hblank_effects_manager.o
 .text.exit._GLOBAL__sub_D__ZN2bn4hbes10used_countEv
                0x08009ca4       0x3c bn_hblank_effects_manager.o
 .text._ZN2bn12hdma_manager7disableEv
                0x08009ce0       0x30 bn_hdma_manager.o
                0x08009ce0                bn::hdma_manager::disable()
 .text._ZN2bn12hdma_manager10force_stopEv
                0x08009d10       0x3c bn_hdma_manager.o
                0x08009d10                bn::hdma_manager::force_stop()
 .text._ZN2bn12hdma_manager6updateEv
                0x08009d4c       0x6c bn_hdma_manager.o
                0x08009d4c                bn::hdma_manager::update()
 .text._ZN2bn12hdma_manager6commitEb
                0x08009db8      0x118 bn_hdma_manager.o
                0x08009db8                bn::hdma_manager::commit(bool)
 .text.startup._GLOBAL__sub_I__ZN2bn4hdma7runningEv
                0x08009ed0       0x34 bn_hdma_manager.o
 .text._ZN2bn6keypad9a_pressedEv
                0x08009f04       0x10 bn_keypad_manager.o
                0x08009f04                bn::keypad::a_pressed()
 .text._ZN2bn6keypad10right_heldEv
                0x08009f14       0x10 bn_keypad_manager.o
                0x08009f14                bn::keypad::right_held()
 .text._ZN2bn6keypad9left_heldEv
                0x08009f24       0x10 bn_keypad_manager.o
                0x08009f24                bn::keypad::left_held()
 .text._ZN2bn6keypad9r_pressedEv
                0x08009f34       0x10 bn_keypad_manager.o
                0x08009f34                bn::keypad::r_pressed()
 .text._ZN2bn14keypad_manager4stopEv
                0x08009f44        0x4 bn_keypad_manager.o
                0x08009f44                bn::keypad_manager::stop()
 .text._ZN2bn14keypad_manager6updateEv
                0x08009f48       0xa8 bn_keypad_manager.o
                0x08009f48                bn::keypad_manager::update()
 .text._ZN3_bn6assert9show_argsIA24_ciEEvPKcS4_S4_iRKT_RKT0_
                0x08009ff0       0x54 bn_keypad_manager.o
                0x08009ff0                void _bn::assert::show_args<char [24], int>(char const*, char const*, char const*, int, char const (&) [24], int const&)
 .text._ZN2bn14keypad_manager4initERKNS_11string_viewE
                0x0800a044       0x58 bn_keypad_manager.o
                0x0800a044                bn::keypad_manager::init(bn::string_view const&)
 .text._ZN3_bn6assert9show_argsIA16_cEEvPKcS4_S4_iRKT_
                0x0800a09c       0x48 bn_keypad_manager.o
                0x0800a09c                void _bn::assert::show_args<char [16]>(char const*, char const*, char const*, int, char const (&) [16])
 .text._ZN2bn12link_manager4initEv
                0x0800a0e4        0xc bn_link_manager.o
                0x0800a0e4                bn::link_manager::init()
 .text._ZN2bn12link_manager6activeEv
                0x0800a0f0        0xc bn_link_manager.o
                0x0800a0f0                bn::link_manager::active()
 .text._ZN2bn12link_manager7disableEv
                0x0800a0fc       0x18 bn_link_manager.o
                0x0800a0fc                bn::link_manager::disable()
 .text._ZN3_bn6assert9show_argsIA28_ciEEvPKcS4_S4_iRKT_RKT0_
                0x0800a114       0x54 bn_link_manager.o
                0x0800a114                void _bn::assert::show_args<char [28], int>(char const*, char const*, char const*, int, char const (&) [28], int const&)
 .text._ZN2bn3logERKNS_12istring_baseE
                0x0800a168        0xc bn_log.o
                0x0800a168                bn::log(bn::istring_base const&)
 .text._ZN2bn14memory_manager4initEv
                0x0800a174       0x20 bn_memory_manager.o
                0x0800a174                bn::memory_manager::init()
 .text.exit._GLOBAL__sub_D__Znwj
                0x0800a194       0x14 bn_memory_manager.o
 .text._ZN2bn2hw8palettes9grayscaleEPKNS_5colorEiiPS2_.part.0
                0x0800a1a8       0x40 bn_palettes_manager.o
 .text._ZN2bn14bg_palette_ptrC2ERKS0_
                0x0800a1e8       0x2c bn_palettes_manager.o
                0x0800a1e8                bn::bg_palette_ptr::bg_palette_ptr(bn::bg_palette_ptr const&)
                0x0800a1e8                bn::bg_palette_ptr::bg_palette_ptr(bn::bg_palette_ptr const&)
 .text._ZNK2bn14bg_palette_ptr3bppEv
                0x0800a214       0x20 bn_palettes_manager.o
                0x0800a214                bn::bg_palette_ptr::bpp() const
 .text._ZN2bn18sprite_palette_ptrC2ERKS0_
                0x0800a234       0x1c bn_palettes_manager.o
                0x0800a234                bn::sprite_palette_ptr::sprite_palette_ptr(bn::sprite_palette_ptr const&)
                0x0800a234                bn::sprite_palette_ptr::sprite_palette_ptr(bn::sprite_palette_ptr const&)
 .text._ZNK2bn18sprite_palette_ptr3bppEv
                0x0800a250       0x1c bn_palettes_manager.o
                0x0800a250                bn::sprite_palette_ptr::bpp() const
 .text._ZNK2bn13palettes_bank10log_statusEv
                0x0800a26c      0x178 bn_palettes_manager.o
                0x0800a26c                bn::palettes_bank::log_status() const
 .text._ZNK2bn13palettes_bank20retrieve_commit_dataEv
                0x0800a3e4       0x4c bn_palettes_manager.o
                0x0800a3e4                bn::palettes_bank::retrieve_commit_data() const
 .text._ZNK2bn13palettes_bank12_same_colorsERKNS_4spanIKNS_5colorEEEi
                0x0800a430       0x50 bn_palettes_manager.o
                0x0800a430                bn::palettes_bank::_same_colors(bn::span<bn::color const> const&, int) const
 .text._ZN2bn13palettes_bank10find_bpp_4ERKNS_4spanIKNS_5colorEEEt
                0x0800a480       0xd8 bn_palettes_manager.o
                0x0800a480                bn::palettes_bank::find_bpp_4(bn::span<bn::color const> const&, unsigned short)
 .text._ZNK2bn13palettes_bank21_apply_global_effectsEiPNS_5colorE
                0x0800a558      0x13c bn_palettes_manager.o
                0x0800a558                bn::palettes_bank::_apply_global_effects(int, bn::color*) const
 .text._ZNK2bn13palettes_bank25fill_hblank_effect_colorsEPKNS_5colorEPt
                0x0800a694       0x30 bn_palettes_manager.o
                0x0800a694                bn::palettes_bank::fill_hblank_effect_colors(bn::color const*, unsigned short*) const
 .text._ZNK2bn13palettes_bank7palette13apply_effectsEiPNS_5colorE
                0x0800a6c4       0xbc bn_palettes_manager.o
                0x0800a6c4                bn::palettes_bank::palette::apply_effects(int, bn::color*) const
 .text._ZNK2bn13palettes_bank25fill_hblank_effect_colorsEiPKNS_5colorEPt
                0x0800a780       0x44 bn_palettes_manager.o
                0x0800a780                bn::palettes_bank::fill_hblank_effect_colors(int, bn::color const*, unsigned short*) const
 .text._ZN2bn13palettes_bank15_update_paletteEi
                0x0800a7c4       0x6c bn_palettes_manager.o
                0x0800a7c4                bn::palettes_bank::_update_palette(int)
 .text._ZN2bn13palettes_bank6updateEv
                0x0800a830      0x124 bn_palettes_manager.o
                0x0800a830                bn::palettes_bank::update()
 .text._ZN2bn13palettes_bankC2Ev
                0x0800a954       0xcc bn_palettes_manager.o
                0x0800a954                bn::palettes_bank::palettes_bank()
                0x0800a954                bn::palettes_bank::palettes_bank()
 .text._ZN2bn16palettes_manager20sprite_palettes_bankEv
                0x0800aa20        0x8 bn_palettes_manager.o
                0x0800aa20                bn::palettes_manager::sprite_palettes_bank()
 .text._ZN2bn16palettes_manager16bg_palettes_bankEv
                0x0800aa28        0x8 bn_palettes_manager.o
                0x0800aa28                bn::palettes_manager::bg_palettes_bank()
 .text._ZN2bn16palettes_manager6updateEv
                0x0800aa30       0x20 bn_palettes_manager.o
                0x0800aa30                bn::palettes_manager::update()
 .text._ZN2bn16palettes_manager6commitEb
                0x0800aa50       0xf0 bn_palettes_manager.o
                0x0800aa50                bn::palettes_manager::commit(bool)
 .text._ZN2bn16palettes_manager4stopEv
                0x0800ab40       0x20 bn_palettes_manager.o
                0x0800ab40                bn::palettes_manager::stop()
 .text._ZN3_bn6assert9show_argsIA35_cEEvPKcS4_S4_iRKT_
                0x0800ab60       0x48 bn_palettes_manager.o
                0x0800ab60                void _bn::assert::show_args<char [35]>(char const*, char const*, char const*, int, char const (&) [35])
 .text._ZN2bn13palettes_bank11colors_hashERKNS_4spanIKNS_5colorEEE
                0x0800aba8       0x50 bn_palettes_manager.o
                0x0800aba8                bn::palettes_bank::colors_hash(bn::span<bn::color const> const&)
 .text._ZN3_bn6assert9show_argsIJA43_ciA36_cA42_cEEEvPKcS6_S6_iDpRKT_
                0x0800abf8       0x64 bn_palettes_manager.o
                0x0800abf8                void _bn::assert::show_args<char [43], int, char [36], char [42]>(char const*, char const*, char const*, int, char const (&) [43], int const&, char const (&) [36], char const (&) [42])
 .text._ZN2bn13palettes_bank12create_bpp_8ERKNS_4spanIKNS_5colorEEENS_16compression_typeEb
                0x0800ac5c      0x22c bn_palettes_manager.o
                0x0800ac5c                bn::palettes_bank::create_bpp_8(bn::span<bn::color const> const&, bn::compression_type, bool)
 .text._ZNK2bn15bg_palette_item10decompressENS_4spanINS_5colorEEE
                0x0800ae88      0x188 bn_palettes_manager.o
                0x0800ae88                bn::bg_palette_item::decompress(bn::span<bn::color>) const
 .text._ZNK2bn19sprite_palette_item10decompressENS_4spanINS_5colorEEE
                0x0800b010      0x188 bn_palettes_manager.o
                0x0800b010                bn::sprite_palette_item::decompress(bn::span<bn::color>) const
 .text._ZN2bn13palettes_bank12create_bpp_4ERKNS_4spanIKNS_5colorEEEtb
                0x0800b198      0x284 bn_palettes_manager.o
                0x0800b198                bn::palettes_bank::create_bpp_4(bn::span<bn::color const> const&, unsigned short, bool)
 .text._ZN2bn12_GLOBAL__N_112_create_implERKNS_15bg_palette_itemEb
                0x0800b41c       0x94 bn_palettes_manager.o
 .text._ZN2bn14bg_palette_ptr6createERKNS_15bg_palette_itemE
                0x0800b4b0       0x54 bn_palettes_manager.o
                0x0800b4b0                bn::bg_palette_ptr::create(bn::bg_palette_item const&)
 .text._ZNK2bn15bg_palette_item14create_paletteEv
                0x0800b504       0x10 bn_palettes_manager.o
                0x0800b504                bn::bg_palette_item::create_palette() const
 .text._ZN2bn12_GLOBAL__N_112_create_implERKNS_19sprite_palette_itemEb
                0x0800b514       0x7c bn_palettes_manager.o
 .text._ZNK2bn19sprite_palette_item14create_paletteEv
                0x0800b590       0x48 bn_palettes_manager.o
                0x0800b590                bn::sprite_palette_item::create_palette() const
 .text._ZN2bn14iunordered_mapItsNS_13palettes_bank15identity_hasherENS_8equal_toItEEE5eraseERKNS5_14const_iteratorE.isra.0
                0x0800b5d8      0x174 bn_palettes_manager.o
 .text._ZN2bn13palettes_bank15decrease_usagesEi.part.0
                0x0800b74c       0xdc bn_palettes_manager.o
 .text._ZN2bn14bg_palette_ptrD2Ev
                0x0800b828       0x3c bn_palettes_manager.o
                0x0800b828                bn::bg_palette_ptr::~bg_palette_ptr()
                0x0800b828                bn::bg_palette_ptr::~bg_palette_ptr()
 .text._ZN2bn18sprite_palette_ptrD2Ev
                0x0800b864       0x30 bn_palettes_manager.o
                0x0800b864                bn::sprite_palette_ptr::~sprite_palette_ptr()
                0x0800b864                bn::sprite_palette_ptr::~sprite_palette_ptr()
 .text._ZN2bn14bg_palette_ptraSERKS0_
                0x0800b894       0x5c bn_palettes_manager.o
                0x0800b894                bn::bg_palette_ptr::operator=(bn::bg_palette_ptr const&)
 .text.startup._GLOBAL__sub_I__ZN2bn11bg_palettes17used_colors_countEv
                0x0800b8f0       0x20 bn_palettes_manager.o
 .text._ZN2bn26sprite_affine_mats_manager12_GLOBAL__N_119_sprite_double_sizeILi32ELi16EEEbiiiii
                0x0800b910       0x84 bn_sprite_affine_mats_manager.o
 .text._ZN2bn26sprite_affine_mats_manager12_GLOBAL__N_119_sprite_double_sizeILi16ELi32EEEbiiiii
                0x0800b994       0x84 bn_sprite_affine_mats_manager.o
 .text._ZNK2bn21sprite_affine_mat_ptr15horizontal_flipEv
                0x0800ba18       0x18 bn_sprite_affine_mats_manager.o
                0x0800ba18                bn::sprite_affine_mat_ptr::horizontal_flip() const
 .text._ZNK2bn21sprite_affine_mat_ptr13vertical_flipEv
                0x0800ba30       0x18 bn_sprite_affine_mats_manager.o
                0x0800ba30                bn::sprite_affine_mat_ptr::vertical_flip() const
 .text._ZNK2bn21sprite_affine_mat_ptr16flipped_identityEv
                0x0800ba48       0x14 bn_sprite_affine_mats_manager.o
                0x0800ba48                bn::sprite_affine_mat_ptr::flipped_identity() const
 .text._ZN2bn26sprite_affine_mats_manager13attach_spriteEiRNS_24intrusive_list_node_typeE
                0x0800ba5c       0x2c bn_sprite_affine_mats_manager.o
                0x0800ba5c                bn::sprite_affine_mats_manager::attach_sprite(int, bn::intrusive_list_node_type&)
 .text._ZN2bn26sprite_affine_mats_manager18sprite_double_sizeEiRKNS_17sprite_shape_sizeE
                0x0800ba88      0x1dc bn_sprite_affine_mats_manager.o
                0x0800ba88                bn::sprite_affine_mats_manager::sprite_double_size(int, bn::sprite_shape_size const&)
 .text._ZN2bn26sprite_affine_mats_manager20retrieve_commit_dataEv
                0x0800bc64       0x38 bn_sprite_affine_mats_manager.o
                0x0800bc64                bn::sprite_affine_mats_manager::retrieve_commit_data()
 .text._ZN3_bn6assert9show_argsIA37_cEEvPKcS4_S4_iRKT_
                0x0800bc9c       0x48 bn_sprite_affine_mats_manager.o
                0x0800bc9c                void _bn::assert::show_args<char [37]>(char const*, char const*, char const*, int, char const (&) [37])
 .text._ZN2bn26sprite_affine_mats_manager15decrease_usagesEi.part.0
                0x0800bce4       0x68 bn_sprite_affine_mats_manager.o
 .text._ZN2bn21sprite_affine_mat_ptrD2Ev
                0x0800bd4c       0x34 bn_sprite_affine_mats_manager.o
                0x0800bd4c                bn::sprite_affine_mat_ptr::~sprite_affine_mat_ptr()
                0x0800bd4c                bn::sprite_affine_mat_ptr::~sprite_affine_mat_ptr()
 .text._ZN2bn26sprite_affine_mats_manager6updateEv
                0x0800bd80       0xa0 bn_sprite_affine_mats_manager.o
                0x0800bd80                bn::sprite_affine_mats_manager::update()
 .text._ZN2bn26sprite_affine_mats_manager4initEPv
                0x0800be20       0x6c bn_sprite_affine_mats_manager.o
                0x0800be20                bn::sprite_affine_mats_manager::init(void*)
 .text._ZN2bn26sprite_affine_mats_manager14dettach_spriteEiRNS_24intrusive_list_node_typeE
                0x0800be8c       0x50 bn_sprite_affine_mats_manager.o
                0x0800be8c                bn::sprite_affine_mats_manager::dettach_sprite(int, bn::intrusive_list_node_type&)
 .text.startup._GLOBAL__sub_I__ZN2bn18sprite_affine_mats10used_countEv
                0x0800bedc       0x98 bn_sprite_affine_mats_manager.o
 .text.exit._GLOBAL__sub_D__ZN2bn18sprite_affine_mats10used_countEv
                0x0800bf74       0x3c bn_sprite_affine_mats_manager.o
 .text._ZN2bn21sprite_text_generator5_initEv
                0x0800bfb0      0x17c bn_sprite_text_generator.o
                0x0800bfb0                bn::sprite_text_generator::_init()
 .text._ZN2bn21sprite_text_generatorC2ERKNS_11sprite_fontE
                0x0800c12c       0x2c bn_sprite_text_generator.o
                0x0800c12c                bn::sprite_text_generator::sprite_text_generator(bn::sprite_font const&)
                0x0800c12c                bn::sprite_text_generator::sprite_text_generator(bn::sprite_font const&)
 .text._ZN3_bn6assert9show_argsIA54_cEEvPKcS4_S4_iRKT_
                0x0800c158       0x48 bn_sprite_text_generator.o
                0x0800c158                void _bn::assert::show_args<char [54]>(char const*, char const*, char const*, int, char const (&) [54])
 .text._ZN3_bn6assert9show_argsIJA25_ciA4_ctEEEvPKcS5_S5_iDpRKT_
                0x0800c1a0       0x64 bn_sprite_text_generator.o
                0x0800c1a0                void _bn::assert::show_args<char [25], int, char [4], unsigned short>(char const*, char const*, char const*, int, char const (&) [25], int const&, char const (&) [4], unsigned short const&)
 .text._ZN2bn14utf8_characterC2ERKc
                0x0800c204      0x144 bn_sprite_text_generator.o
                0x0800c204                bn::utf8_character::utf8_character(char const&)
                0x0800c204                bn::utf8_character::utf8_character(char const&)
 .text._ZN2bn12_GLOBAL__N_115_graphics_indexEcRKNS_23utf8_characters_map_refEPKcRi.part.0
                0x0800c348       0x8c bn_sprite_text_generator.o
 .text._ZN3_bn6assert9show_argsIJA20_ccA9_cN2bn11string_viewEA2_cEEEvPKcS8_S8_iDpRKT_
                0x0800c3d4       0x6c bn_sprite_text_generator.o
                0x0800c3d4                void _bn::assert::show_args<char [20], char, char [9], bn::string_view, char [2]>(char const*, char const*, char const*, int, char const (&) [20], char const&, char const (&) [9], bn::string_view const&, char const (&) [2])
 .text._ZNK2bn21sprite_text_generator5widthERKNS_11string_viewE
                0x0800c440      0x244 bn_sprite_text_generator.o
                0x0800c440                bn::sprite_text_generator::width(bn::string_view const&) const
 .text._ZN3_bn6assert9show_argsIA55_cEEvPKcS4_S4_iRKT_
                0x0800c684       0x48 bn_sprite_text_generator.o
                0x0800c684                void _bn::assert::show_args<char [55]>(char const*, char const*, char const*, int, char const (&) [55])
 .text._ZN2bn12_GLOBAL__N_120_build_sprite_assertILNS_11sprite_sizeE2EEEPNS_4tileERKNS_21sprite_text_generatorERKNS_18sprite_palette_ptrERKNS_11fixed_pointERNS_7ivectorINS_10sprite_ptrEEE
                0x0800c6cc      0x1c4 bn_sprite_text_generator.o
 .text._ZN2bn12_GLOBAL__N_120_build_sprite_assertILNS_11sprite_sizeE1EEEPNS_4tileERKNS_21sprite_text_generatorERKNS_18sprite_palette_ptrERKNS_11fixed_pointERNS_7ivectorINS_10sprite_ptrEEE
                0x0800c890      0x1c4 bn_sprite_text_generator.o
 .text._ZN2bn12_GLOBAL__N_19_generateILb0EEEbRKNS_21sprite_text_generatorERKNS_11fixed_pointERKNS_11string_viewERKNS_23utf8_characters_map_refEiibRNS_7ivectorINS_10sprite_ptrEEE.isra.0
                0x0800ca54     0x10e0 bn_sprite_text_generator.o
 .text._ZNK2bn21sprite_text_generator8generateENS_7fixed_tILi12EEES2_RKNS_11string_viewERNS_7ivectorINS_10sprite_ptrEEE
                0x0800db34       0x40 bn_sprite_text_generator.o
                0x0800db34                bn::sprite_text_generator::generate(bn::fixed_t<12>, bn::fixed_t<12>, bn::string_view const&, bn::ivector<bn::sprite_ptr>&) const
 .text._ZNK2bn16sprite_tiles_ptr2idEv
                0x0800db74       0x18 bn_sprite_tiles_manager.o
                0x0800db74                bn::sprite_tiles_ptr::id() const
 .text._ZNK2bn16sprite_tiles_ptr11tiles_countEv
                0x0800db8c       0x18 bn_sprite_tiles_manager.o
                0x0800db8c                bn::sprite_tiles_ptr::tiles_count() const
 .text._ZN2bn20sprite_tiles_manager10log_statusEv
                0x0800dba4      0x1ec bn_sprite_tiles_manager.o
                0x0800dba4                bn::sprite_tiles_manager::log_status()
 .text._ZN2bn20sprite_tiles_manager19commit_uncompressedEb
                0x0800dd90       0xdc bn_sprite_tiles_manager.o
                0x0800dd90                bn::sprite_tiles_manager::commit_uncompressed(bool)
 .text._ZN2bn20sprite_tiles_manager17commit_compressedEv
                0x0800de6c       0xe8 bn_sprite_tiles_manager.o
                0x0800de6c                bn::sprite_tiles_manager::commit_compressed()
 .text._ZN3_bn6assert9show_argsIJA44_cPKN2bn4tileEA4_cS6_EEEvPKcS9_S9_iDpRKT_
                0x0800df54       0x64 bn_sprite_tiles_manager.o
                0x0800df54                void _bn::assert::show_args<char [44], bn::tile const*, char [4], bn::tile const*>(char const*, char const*, char const*, int, char const (&) [44], bn::tile const* const&, char const (&) [4], bn::tile const* const&)
 .text._ZN3_bn6assert9show_argsIJA46_ciA4_cjEEEvPKcS5_S5_iDpRKT_
                0x0800dfb8       0x64 bn_sprite_tiles_manager.o
                0x0800dfb8                void _bn::assert::show_args<char [46], int, char [4], unsigned int>(char const*, char const*, char const*, int, char const (&) [46], int const&, char const (&) [4], unsigned int const&)
 .text._ZN3_bn6assert9show_argsIJA28_cA15_cPKN2bn4tileEA16_ciA34_cNS4_11string_viewEEEEvPKcSC_SC_iDpRKT_
                0x0800e01c       0x7c bn_sprite_tiles_manager.o
                0x0800e01c                void _bn::assert::show_args<char [28], char [15], bn::tile const*, char [16], int, char [34], bn::string_view>(char const*, char const*, char const*, int, char const (&) [28], char const (&) [15], bn::tile const* const&, char const (&) [16], int const&, char const (&) [34], bn::string_view const&)
 .text._ZN3_bn6assert9show_argsIJA44_ciA34_cN2bn11string_viewEEEEvPKcS7_S7_iDpRKT_
                0x0800e098       0x64 bn_sprite_tiles_manager.o
                0x0800e098                void _bn::assert::show_args<char [44], int, char [34], bn::string_view>(char const*, char const*, char const*, int, char const (&) [44], int const&, char const (&) [34], bn::string_view const&)
 .text._ZN2bn20sprite_tiles_manager4initEv
                0x0800e0fc       0xec bn_sprite_tiles_manager.o
                0x0800e0fc                bn::sprite_tiles_manager::init()
 .text._ZN2bn20sprite_tiles_manager12_GLOBAL__N_122_insert_to_commit_itemEiRNS1_9item_typeE.part.0
                0x0800e1e8       0x6c bn_sprite_tiles_manager.o
 .text._ZN2bn20sprite_tiles_manager12_GLOBAL__N_117_insert_free_itemEiPt
                0x0800e254       0xcc bn_sprite_tiles_manager.o
 .text._ZN2bn20sprite_tiles_manager12_GLOBAL__N_116_erase_free_itemEi
                0x0800e320       0xe4 bn_sprite_tiles_manager.o
 .text._ZN2bn20sprite_tiles_manager12_GLOBAL__N_121_erase_to_commit_itemEiRNS1_9item_typeE
                0x0800e404      0x100 bn_sprite_tiles_manager.o
 .text._ZN2bn20sprite_tiles_manager15decrease_usagesEi
                0x0800e504      0x134 bn_sprite_tiles_manager.o
                0x0800e504                bn::sprite_tiles_manager::decrease_usages(int)
 .text._ZN2bn16sprite_tiles_ptrD2Ev
                0x0800e638       0x18 bn_sprite_tiles_manager.o
                0x0800e638                bn::sprite_tiles_ptr::~sprite_tiles_ptr()
                0x0800e638                bn::sprite_tiles_ptr::~sprite_tiles_ptr()
 .text._ZN2bn14iunordered_mapIPKNS_4tileEiNS_4hashIS3_EENS_8equal_toIS3_EEE5eraseERKNS8_14const_iteratorE.isra.0
                0x0800e650      0x17c bn_sprite_tiles_manager.o
 .text._ZN2bn20sprite_tiles_manager12_GLOBAL__N_112_create_itemEiPKNS_4tileENS_16compression_typeEib
                0x0800e7cc      0x2f0 bn_sprite_tiles_manager.o
 .text._ZN2bn20sprite_tiles_manager12_GLOBAL__N_114_allocate_implEi
                0x0800eabc       0xf8 bn_sprite_tiles_manager.o
 .text._ZN2bn20sprite_tiles_manager6updateEv
                0x0800ebb4      0x238 bn_sprite_tiles_manager.o
                0x0800ebb4                bn::sprite_tiles_manager::update()
 .text._ZN2bn20sprite_tiles_manager12_GLOBAL__N_112_create_implEPKNS_4tileENS_16compression_typeEi
                0x0800edec      0x200 bn_sprite_tiles_manager.o
 .text._ZN2bn20sprite_tiles_manager12_GLOBAL__N_110_find_implEPKNS_4tileENS_16compression_typeEi
                0x0800efec      0x29c bn_sprite_tiles_manager.o
 .text._ZN2bn20sprite_tiles_manager6createERKNS_4spanIKNS_4tileEEENS_16compression_typeE
                0x0800f288      0x144 bn_sprite_tiles_manager.o
                0x0800f288                bn::sprite_tiles_manager::create(bn::span<bn::tile const> const&, bn::compression_type)
 .text._ZN2bn16sprite_tiles_ptr6createERKNS_17sprite_tiles_itemEi
                0x0800f3cc       0xe4 bn_sprite_tiles_manager.o
                0x0800f3cc                bn::sprite_tiles_ptr::create(bn::sprite_tiles_item const&, int)
 .text._ZNK2bn17sprite_tiles_item12create_tilesEv
                0x0800f4b0       0x94 bn_sprite_tiles_manager.o
                0x0800f4b0                bn::sprite_tiles_item::create_tiles() const
 .text._ZNK2bn17sprite_tiles_item12create_tilesEi
                0x0800f544       0xe4 bn_sprite_tiles_manager.o
                0x0800f544                bn::sprite_tiles_item::create_tiles(int) const
 .text._ZN2bn20sprite_tiles_manager8allocateEiNS_8bpp_modeE
                0x0800f628       0xc4 bn_sprite_tiles_manager.o
                0x0800f628                bn::sprite_tiles_manager::allocate(int, bn::bpp_mode)
 .text._ZN2bn16sprite_tiles_ptr8allocateEiNS_8bpp_modeE
                0x0800f6ec       0x18 bn_sprite_tiles_manager.o
                0x0800f6ec                bn::sprite_tiles_ptr::allocate(int, bn::bpp_mode)
 .text._ZN2bn20sprite_tiles_manager4vramEi
                0x0800f704       0x4c bn_sprite_tiles_manager.o
                0x0800f704                bn::sprite_tiles_manager::vram(int)
 .text._ZN2bn16sprite_tiles_ptr4vramEv
                0x0800f750       0x14 bn_sprite_tiles_manager.o
                0x0800f750                bn::sprite_tiles_ptr::vram()
 .text.startup._GLOBAL__sub_I__ZN2bn12sprite_tiles16used_tiles_countEv
                0x0800f764      0x11c bn_sprite_tiles_manager.o
 .text._ZN2bn15sprites_manager12_GLOBAL__N_125_update_indexes_to_commitERKNS_20sprites_manager_itemE
                0x0800f880       0x48 bn_sprites_manager.o
 .text._ZN2bn13ostringstream11append_argsIiJA4_ciEEEvRKT_DpRKT0_.isra.0
                0x0800f8c8       0x24 bn_sprites_manager.o
 .text._ZN2bn15sprites_manager12_GLOBAL__N_123_update_item_dimensionsERNS_20sprites_manager_itemE
                0x0800f8ec       0xc4 bn_sprites_manager.o
 .text._ZN2bn10sprite_ptrC2ERKS0_
                0x0800f9b0        0xc bn_sprites_manager.o
                0x0800f9b0                bn::sprite_ptr::sprite_ptr(bn::sprite_ptr const&)
                0x0800f9b0                bn::sprite_ptr::sprite_ptr(bn::sprite_ptr const&)
 .text._ZNK2bn10sprite_ptr1xEv
                0x0800f9bc        0x8 bn_sprites_manager.o
                0x0800f9bc                bn::sprite_ptr::x() const
 .text._ZN2bn10sprite_ptr5set_xENS_7fixed_tILi12EEE
                0x0800f9c4       0x48 bn_sprites_manager.o
                0x0800f9c4                bn::sprite_ptr::set_x(bn::fixed_t<12>)
 .text._ZNK2bn10sprite_ptr1yEv
                0x0800fa0c        0x8 bn_sprites_manager.o
                0x0800fa0c                bn::sprite_ptr::y() const
 .text._ZN2bn10sprite_ptr5set_yENS_7fixed_tILi12EEE
                0x0800fa14       0x44 bn_sprites_manager.o
                0x0800fa14                bn::sprite_ptr::set_y(bn::fixed_t<12>)
 .text._ZN2bn10sprite_ptr11set_visibleEb
                0x0800fa58       0x64 bn_sprites_manager.o
                0x0800fa58                bn::sprite_ptr::set_visible(bool)
 .text._ZN2bn15sprites_manager4initEv
                0x0800fabc       0x34 bn_sprites_manager.o
                0x0800fabc                bn::sprites_manager::init()
 .text._ZN2bn15sprites_manager5hw_idEPv
                0x0800faf0        0x8 bn_sprites_manager.o
                0x0800faf0                bn::sprites_manager::hw_id(void*)
 .text._ZN2bn15sprites_manager5shapeEPv
                0x0800faf8        0x8 bn_sprites_manager.o
                0x0800faf8                bn::sprites_manager::shape(void*)
 .text._ZN2bn15sprites_manager4sizeEPv
                0x0800fb00        0x8 bn_sprites_manager.o
                0x0800fb00                bn::sprites_manager::size(void*)
 .text._ZN2bn15sprites_manager10shape_sizeEPv
                0x0800fb08       0x14 bn_sprites_manager.o
                0x0800fb08                bn::sprites_manager::shape_size(void*)
 .text._ZN2bn15sprites_manager11hw_positionEPv
                0x0800fb1c        0x4 bn_sprites_manager.o
                0x0800fb1c                bn::sprites_manager::hw_position(void*)
 .text._ZN2bn15sprites_manager9view_modeEPv
                0x0800fb20        0xc bn_sprites_manager.o
                0x0800fb20                bn::sprites_manager::view_mode(void*)
 .text._ZN2bn15sprites_manager10affine_matEPv
                0x0800fb2c        0x4 bn_sprites_manager.o
                0x0800fb2c                bn::sprites_manager::affine_mat(void*)
 .text._ZN2bn15sprites_manager39fill_hblank_effect_horizontal_positionsEPviPKNS_7fixed_tILi12EEEPt
                0x0800fb30       0x44 bn_sprites_manager.o
                0x0800fb30                bn::sprites_manager::fill_hblank_effect_horizontal_positions(void*, int, bn::fixed_t<12> const*, unsigned short*)
 .text._ZN2bn15sprites_manager37fill_hblank_effect_vertical_positionsEPviPKNS_7fixed_tILi12EEEPt
                0x0800fb74       0x44 bn_sprites_manager.o
                0x0800fb74                bn::sprites_manager::fill_hblank_effect_vertical_positions(void*, int, bn::fixed_t<12> const*, unsigned short*)
 .text._ZN2bn15sprites_manager35fill_hblank_effect_first_attributesEiNS_12sprite_shapeENS_8bpp_modeEiPKNS_23sprite_first_attributesEPt
                0x0800fbb8       0xdc bn_sprites_manager.o
                0x0800fbb8                bn::sprites_manager::fill_hblank_effect_first_attributes(int, bn::sprite_shape, bn::bpp_mode, int, bn::sprite_first_attributes const*, unsigned short*)
 .text._ZN2bn15sprites_manager44fill_hblank_effect_regular_second_attributesEPviNS_11sprite_sizeEPKNS_32sprite_regular_second_attributesEPt
                0x0800fc94       0x60 bn_sprites_manager.o
                0x0800fc94                bn::sprites_manager::fill_hblank_effect_regular_second_attributes(void*, int, bn::sprite_size, bn::sprite_regular_second_attributes const*, unsigned short*)
 .text._ZN2bn15sprites_manager43fill_hblank_effect_affine_second_attributesEPviNS_11sprite_sizeEPKNS_31sprite_affine_second_attributesEPt
                0x0800fcf4       0x58 bn_sprites_manager.o
                0x0800fcf4                bn::sprites_manager::fill_hblank_effect_affine_second_attributes(void*, int, bn::sprite_size, bn::sprite_affine_second_attributes const*, unsigned short*)
 .text._ZN2bn15sprites_manager14update_camerasEv
                0x0800fd4c       0x2c bn_sprites_manager.o
                0x0800fd4c                bn::sprites_manager::update_cameras()
 .text._ZN2bn15sprites_manager6commitEb
                0x0800fd78       0xa4 bn_sprites_manager.o
                0x0800fd78                bn::sprites_manager::commit(bool)
 .text._ZNK2bn17sprite_shape_size11tiles_countENS_8bpp_modeE.isra.0
                0x0800fe1c      0x14c bn_sprites_manager.o
 .text._ZN2bn15sprites_manager12_GLOBAL__N_118_remove_affine_matERNS_20sprites_manager_itemE
                0x0800ff68       0xd0 bn_sprites_manager.o
 .text._ZN2bn15sprites_manager40remove_identity_affine_mat_if_not_neededEPv
                0x08010038       0x18 bn_sprites_manager.o
                0x08010038                bn::sprites_manager::remove_identity_affine_mat_if_not_needed(void*)
 .text._ZN2bn14sprite_builder15release_paletteEv
                0x08010050       0x78 bn_sprites_manager.o
                0x08010050                bn::sprite_builder::release_palette()
 .text._ZN2bn14sprite_builder13release_tilesEv
                0x080100c8       0x78 bn_sprites_manager.o
                0x080100c8                bn::sprite_builder::release_tiles()
 .text._ZN2bn15sprites_manager7paletteEPv
                0x08010140       0x34 bn_sprites_manager.o
                0x08010140                bn::sprites_manager::palette(void*)
 .text._ZN2bn20sprites_manager_item13_builder_initERKNS_14sprite_builderE
                0x08010174      0x350 bn_sprites_manager.o
                0x08010174                bn::sprites_manager_item::_builder_init(bn::sprite_builder const&)
 .text._ZN2bn14sprite_builder11set_z_orderEi
                0x080104c4       0x48 bn_sprites_manager.o
                0x080104c4                bn::sprite_builder::set_z_order(int)
 .text._ZN2bn14sprite_builderC2ERKNS_17sprite_shape_sizeENS_16sprite_tiles_ptrENS_18sprite_palette_ptrE
                0x0801050c      0x120 bn_sprites_manager.o
                0x0801050c                bn::sprite_builder::sprite_builder(bn::sprite_shape_size const&, bn::sprite_tiles_ptr, bn::sprite_palette_ptr)
                0x0801050c                bn::sprite_builder::sprite_builder(bn::sprite_shape_size const&, bn::sprite_tiles_ptr, bn::sprite_palette_ptr)
 .text._ZN2bn14sprite_builder15set_bg_priorityEi
                0x0801062c       0x38 bn_sprites_manager.o
                0x0801062c                bn::sprite_builder::set_bg_priority(int)
 .text._ZN2bn15sprites_manager6updateEv
                0x08010664      0x170 bn_sprites_manager.o
                0x08010664                bn::sprites_manager::update()
 .text._ZN3_bn6assert9show_argsIJA27_ciA4_ciEEEvPKcS5_S5_iDpRKT_
                0x080107d4       0x58 bn_sprites_manager.o
                0x080107d4                void _bn::assert::show_args<char [27], int, char [4], int>(char const*, char const*, char const*, int, char const (&) [27], int const&, char const (&) [4], int const&)
 .text._ZN2bn15sprites_manager35fill_hblank_effect_third_attributesENS_17sprite_shape_sizeEPKNS_23sprite_third_attributesEPt
                0x0801082c       0xc4 bn_sprites_manager.o
                0x0801082c                bn::sprites_manager::fill_hblank_effect_third_attributes(bn::sprite_shape_size, bn::sprite_third_attributes const*, unsigned short*)
 .text._ZN2bn14sorted_sprites6sorter6insertERNS_20sprites_manager_itemE
                0x080108f0      0x170 bn_sprites_manager.o
                0x080108f0                bn::sorted_sprites::sorter::insert(bn::sprites_manager_item&)
 .text._ZN2bn15sprites_manager6createERKNS_11fixed_pointERKNS_17sprite_shape_sizeEONS_16sprite_tiles_ptrEONS_18sprite_palette_ptrE
                0x08010a60      0x1dc bn_sprites_manager.o
                0x08010a60                bn::sprites_manager::create(bn::fixed_point const&, bn::sprite_shape_size const&, bn::sprite_tiles_ptr&&, bn::sprite_palette_ptr&&)
 .text._ZNK2bn11sprite_item13create_spriteENS_7fixed_tILi12EEES2_
                0x08010c3c       0x44 bn_sprites_manager.o
                0x08010c3c                bn::sprite_item::create_sprite(bn::fixed_t<12>, bn::fixed_t<12>) const
 .text._ZN2bn15sprites_manager6createEONS_14sprite_builderE
                0x08010c80      0x180 bn_sprites_manager.o
                0x08010c80                bn::sprites_manager::create(bn::sprite_builder&&)
 .text._ZN2bn10sprite_ptr6createEONS_14sprite_builderE
                0x08010e00       0x14 bn_sprites_manager.o
                0x08010e00                bn::sprite_ptr::create(bn::sprite_builder&&)
 .text._ZN2bn15sprites_manager15decrease_usagesEPv
                0x08010e14      0x180 bn_sprites_manager.o
                0x08010e14                bn::sprites_manager::decrease_usages(void*)
 .text._ZN2bn10sprite_ptraSERKS0_
                0x08010f94       0x28 bn_sprites_manager.o
                0x08010f94                bn::sprite_ptr::operator=(bn::sprite_ptr const&)
 .text._ZN2bn10sprite_ptrD2Ev
                0x08010fbc       0x18 bn_sprites_manager.o
                0x08010fbc                bn::sprite_ptr::~sprite_ptr()
                0x08010fbc                bn::sprite_ptr::~sprite_ptr()
 .text._ZN2bn10sprite_ptr11set_z_orderEi
                0x08010fd4      0x14c bn_sprites_manager.o
                0x08010fd4                bn::sprite_ptr::set_z_order(int)
 .text.startup._GLOBAL__sub_I__ZN2bn7sprites16used_items_countEv
                0x08011120       0x9c bn_sprites_manager.o
 .text.exit._GLOBAL__sub_D__ZN2bn7sprites16used_items_countEv
                0x080111bc       0x4c bn_sprites_manager.o
 .text._ZN2bn13ostringstreamC2ERNS_12istring_baseE
                0x08011208        0x8 bn_sstream.o
                0x08011208                bn::ostringstream::ostringstream(bn::istring_base&)
                0x08011208                bn::ostringstream::ostringstream(bn::istring_base&)
 .text._ZN2bn13ostringstream6appendEPKc
                0x08011210       0x94 bn_sstream.o
                0x08011210                bn::ostringstream::append(char const*)
 .text._ZN2bn13ostringstream6appendEi
                0x080112a4       0xb0 bn_sstream.o
                0x080112a4                bn::ostringstream::append(int)
 .text._ZN2bn13ostringstream6appendERKNS_11string_viewE
                0x08011354       0x9c bn_sstream.o
                0x08011354                bn::ostringstream::append(bn::string_view const&)
 .text._ZN2bn13ostringstream6appendEj
                0x080113f0       0xb0 bn_sstream.o
                0x080113f0                bn::ostringstream::append(unsigned int)
 .text._ZN2bn13ostringstream6appendEPKv
                0x080114a0      0x100 bn_sstream.o
                0x080114a0                bn::ostringstream::append(void const*)
 .text._ZN2bn13ostringstream6appendEc
                0x080115a0       0x44 bn_sstream.o
                0x080115a0                bn::ostringstream::append(char)
 .text._ZN2bn5timerC2Ev
                0x080115e4       0x18 bn_timer.o
                0x080115e4                bn::timer::timer()
                0x080115e4                bn::timer::timer()
 .text._ZNK2bn5timer13elapsed_ticksEv
                0x080115fc       0x38 bn_timer.o
                0x080115fc                bn::timer::elapsed_ticks() const
 .text._ZN2bn5timer7restartEv
                0x08011634       0x18 bn_timer.o
                0x08011634                bn::timer::restart()
 .text._ZN2bn2hw5audio12_GLOBAL__N_124_disabled_vblank_handlerEv
                0x0801164c       0x10 bn_hw_audio.bn_noflto.o
 .text._ZN2bn2hw5audio12_GLOBAL__N_17_commitEv
                0x0801165c       0x7c bn_hw_audio.bn_noflto.o
 .text._ZN2bn2hw5audio12_GLOBAL__N_123_enabled_vblank_handlerEv
                0x080116d8       0x24 bn_hw_audio.bn_noflto.o
 .text._ZN2bn2hw5audio4initEv
                0x080116fc       0x68 bn_hw_audio.bn_noflto.o
                0x080116fc                bn::hw::audio::init()
 .text._ZN2bn2hw5audio7disableEv
                0x08011764       0x30 bn_hw_audio.bn_noflto.o
                0x08011764                bn::hw::audio::disable()
 .text._ZN2bn2hw5audio13music_playingEv
                0x08011794       0x10 bn_hw_audio.bn_noflto.o
                0x08011794                bn::hw::audio::music_playing()
 .text._ZN2bn2hw5audio10play_musicEiib
                0x080117a4       0x2c bn_hw_audio.bn_noflto.o
                0x080117a4                bn::hw::audio::play_music(int, int, bool)
 .text._ZN2bn2hw5audio10stop_musicEv
                0x080117d0        0xc bn_hw_audio.bn_noflto.o
                0x080117d0                bn::hw::audio::stop_music()
 .text._ZN2bn2hw5audio11pause_musicEv
                0x080117dc        0xc bn_hw_audio.bn_noflto.o
                0x080117dc                bn::hw::audio::pause_music()
 .text._ZN2bn2hw5audio12resume_musicEv
                0x080117e8        0xc bn_hw_audio.bn_noflto.o
                0x080117e8                bn::hw::audio::resume_music()
 .text._ZN2bn2hw5audio14music_positionEv
                0x080117f4        0xc bn_hw_audio.bn_noflto.o
                0x080117f4                bn::hw::audio::music_position()
 .text._ZN2bn2hw5audio18set_music_positionEi
                0x08011800        0xc bn_hw_audio.bn_noflto.o
                0x08011800                bn::hw::audio::set_music_position(int)
 .text._ZN2bn2hw5audio16set_music_volumeEi
                0x0801180c        0xc bn_hw_audio.bn_noflto.o
                0x0801180c                bn::hw::audio::set_music_volume(int)
 .text._ZN2bn2hw5audio22disable_vblank_handlerEv
                0x08011818       0x14 bn_hw_audio.bn_noflto.o
                0x08011818                bn::hw::audio::disable_vblank_handler()
 .text._ZN2bn2hw5audio6updateEb
                0x0801182c       0x18 bn_hw_audio.bn_noflto.o
                0x0801182c                bn::hw::audio::update(bool)
 .text._ZN2bn2hw5audio6commitEv
                0x08011844       0x20 bn_hw_audio.bn_noflto.o
                0x08011844                bn::hw::audio::commit()
 .text._ZN2bn2hw5audio12_GLOBAL__N_119_add_sound_to_queueEit
                0x08011864       0xa0 bn_hw_audio.bn_noflto.o
 .text._ZN2bn2hw5audio15stop_all_soundsEv
                0x08011904       0x68 bn_hw_audio.bn_noflto.o
                0x08011904                bn::hw::audio::stop_all_sounds()
 .text._ZN2bn2hw5audio12_GLOBAL__N_119_check_sounds_queueEv.part.0
                0x0801196c       0x9c bn_hw_audio.bn_noflto.o
 .text._ZN2bn2hw5audio10play_soundEiiiii
                0x08011a08       0x44 bn_hw_audio.bn_noflto.o
                0x08011a08                bn::hw::audio::play_sound(int, int, int, int, int)
 .text._ZN2bn2hw5audio10play_soundEii
                0x08011a4c       0x30 bn_hw_audio.bn_noflto.o
                0x08011a4c                bn::hw::audio::play_sound(int, int)
 .text._ZN2bn2hw5audio19update_sounds_queueEv
                0x08011a7c       0x94 bn_hw_audio.bn_noflto.o
                0x08011a7c                bn::hw::audio::update_sounds_queue()
 .text.startup._GLOBAL__sub_I__ZN2bn2hw5audio4initEv
                0x08011b10       0x30 bn_hw_audio.bn_noflto.o
 .text.exit._GLOBAL__sub_D__ZN2bn2hw5audio4initEv
                0x08011b40       0x68 bn_hw_audio.bn_noflto.o
 .text._ZN3_bn6assert9show_argsIA40_cEEvPKcS4_S4_iRKT_
                0x08011ba8       0x48 bn_hw_common.bn_noflto.o
                0x08011ba8                void _bn::assert::show_args<char [40]>(char const*, char const*, char const*, int, char const (&) [40])
 .text.__aeabi_idiv0
                0x08011bf0       0x24 bn_hw_common.bn_noflto.o
                0x08011bf0                __aeabi_idiv0
 .text._ZN2bn2hw8game_pak14_slow_game_pakEv
                0x08011c14       0x84 bn_hw_game_pak.bn_ewram.o
                0x08011c14                bn::hw::game_pak::_slow_game_pak()
 .text._ZN2bn2hw8game_pak4initEv
                0x08011c98       0x28 bn_hw_game_pak.o
                0x08011c98                bn::hw::game_pak::init()
 .text._ZN2bn2hw3irq4initEv
                0x08011cc0        0xc bn_hw_irq.o
                0x08011cc0                bn::hw::irq::init()
 .text._ZN2bn2hw3irq7set_isrENS1_2idEPFvvE
                0x08011ccc       0x10 bn_hw_irq.o
                0x08011ccc                bn::hw::irq::set_isr(bn::hw::irq::id, void (*)())
 .text._ZN2bn2hw3irq6enableENS1_2idE
                0x08011cdc       0x10 bn_hw_irq.o
                0x08011cdc                bn::hw::irq::enable(bn::hw::irq::id)
 .text._ZN2bn2hw3irq7disableENS1_2idE
                0x08011cec       0x10 bn_hw_irq.o
                0x08011cec                bn::hw::irq::disable(bn::hw::irq::id)
 .text._ZN2bn2hw4link12_GLOBAL__N_119_resetStateCallbackEv
                0x08011cfc       0x4c bn_hw_link.o
 .text._ZN2bn2hw4link4initEv
                0x08011d48       0xc0 bn_hw_link.o
                0x08011d48                bn::hw::link::init()
 .text._ZN2bn2hw4link6activeEv
                0x08011e08       0x10 bn_hw_link.o
                0x08011e08                bn::hw::link::active()
 .text._ZN2bn2hw4link7disableEv
                0x08011e18       0x6c bn_hw_link.o
                0x08011e18                bn::hw::link::disable()
 .text._ZN2bn2hw4link6commitEv
                0x08011e84       0x30 bn_hw_link.o
                0x08011e84                bn::hw::link::commit()
 .text._ZN2bn2hw4link11_timer_intrEv
                0x08011eb4       0xf8 bn_hw_link.o
                0x08011eb4                bn::hw::link::_timer_intr()
 .text._ZN2bn2hw4link12_serial_intrEv
                0x08011fac      0x1bc bn_hw_link.o
                0x08011fac                bn::hw::link::_serial_intr()
 .text._ZN2bn2hw4link12_GLOBAL__N_117_sendDataCallbackEv
                0x08012168       0xe0 bn_hw_link.o
 .text._ZN2bn2hw4link12_GLOBAL__N_124_receiveResponseCallbackERK12LinkResponse
                0x08012248      0x158 bn_hw_link.o
 .text.startup._GLOBAL__sub_I__ZN2bn2hw4link4initEv
                0x080123a0       0x68 bn_hw_link.o
 .text._ZN2bn2hw3logERKNS_12istring_baseE
                0x08012408       0x58 bn_hw_log.o
                0x08012408                bn::hw::log(bn::istring_base const&)
 .text._ZN2bn2hw6memory4initEv
                0x08012460        0x4 bn_hw_memory.o
                0x08012460                bn::hw::memory::init()
 .text._ZN2bn2hw6memory16ewram_heap_startEv
                0x08012464        0x8 bn_hw_memory.o
                0x08012464                bn::hw::memory::ewram_heap_start()
 .text._ZN2bn2hw6memory14ewram_heap_endEv
                0x0801246c        0x8 bn_hw_memory.o
                0x0801246c                bn::hw::memory::ewram_heap_end()
 .text._ZN2bn2hw8palettes12_GLOBAL__N_110lut_effectEPKNS_5colorEPKhiPS3_
                0x08012474       0x40 bn_hw_palettes.o
 .text._ZN2bn2hw8palettes10brightnessEPKNS_5colorEiiPS2_
                0x080124b4       0x54 bn_hw_palettes.o
                0x080124b4                bn::hw::palettes::brightness(bn::color const*, int, int, bn::color*)
 .text._ZN2bn2hw8palettes8contrastEPKNS_5colorEiiPS2_
                0x08012508       0x18 bn_hw_palettes.o
                0x08012508                bn::hw::palettes::contrast(bn::color const*, int, int, bn::color*)
 .text._ZN2bn2hw8palettes9intensityEPKNS_5colorEiiPS2_
                0x08012520       0x18 bn_hw_palettes.o
                0x08012520                bn::hw::palettes::intensity(bn::color const*, int, int, bn::color*)
 .text._ZN2bn2hw8palettes9hue_shiftEPKNS_5colorEiiPS2_
                0x08012538      0x14c bn_hw_palettes.o
                0x08012538                bn::hw::palettes::hue_shift(bn::color const*, int, int, bn::color*)
 .text._ZN2bn2hw8palettes6rotateEPKNS_5colorEiiPS2_
                0x08012684       0x2c bn_hw_palettes.o
                0x08012684                bn::hw::palettes::rotate(bn::color const*, int, int, bn::color*)
 .text._ZN2bn2hw4show5errorERKNS_11system_fontERKNS_11string_viewES7_S7_iS7_S7_
                0x080126b0      0x3bc bn_hw_show.o
                0x080126b0                bn::hw::show::error(bn::system_font const&, bn::string_view const&, bn::string_view const&, bn::string_view const&, int, bn::string_view const&, bn::string_view const&)
 .text._ZN2bn2hw12sprite_tiles10plot_tilesEiPKNS_4tileEiiPS2_
                0x08012a6c       0x40 bn_hw_sprite_tiles.o
                0x08012a6c                bn::hw::sprite_tiles::plot_tiles(int, bn::tile const*, int, int, bn::tile*)
 .text._ZN2bn2hw4sram4initEv
                0x08012aac       0x18 bn_hw_sram.o
                0x08012aac                bn::hw::sram::init()
 .text._ZN2bn11system_fontC2Ev
                0x08012ac4       0x18 bn_hw_system_font.o
                0x08012ac4                bn::system_font::system_font()
                0x08012ac4                bn::system_font::system_font()
 .text._ZNK2bn11system_font8tte_fontEv
                0x08012adc        0x4 bn_hw_system_font.o
                0x08012adc                bn::system_font::tte_font() const
 .text._ZN2bn2hw4text5parseEiRNS_5arrayIcLi32EEE
                0x08012ae0       0xbc bn_hw_text.o
                0x08012ae0                bn::hw::text::parse(int, bn::array<char, 32>&)
 .text._ZN2bn2hw4text5parseEjRNS_5arrayIcLi32EEE
                0x08012b9c       0xa0 bn_hw_text.o
                0x08012b9c                bn::hw::text::parse(unsigned int, bn::array<char, 32>&)
 .text._ZN2bn2hw4text5parseEPKvRNS_5arrayIcLi32EEE
                0x08012c3c       0x30 bn_hw_text.o
                0x08012c3c                bn::hw::text::parse(void const*, bn::array<char, 32>&)
 .text.clr_grayscale
                0x08012c6c       0x78 tonc_color.o
                0x08012c6c                clr_grayscale
 .text.sbmp16_rect
                0x08012ce4       0x68 tonc_sbmp16.o
                0x08012ce4                sbmp16_rect
 .text.bmp16_drawg_b1cts
                0x08012d4c       0xc0 bmp16_drawg_b1cs.o
                0x08012d4c                bmp16_drawg_b1cts
 .text.bmp16_erase